Archive member included to satisfy reference by file (symbol)

C:/ST/STM32CubeIDE_1.19.0/STM32CubeIDE/plugins/com.st.stm32cube.ide.mcu.externaltools.gnu-tools-for-stm32.13.3.rel1.win32_1.0.0.202411081344/tools/bin/../lib/gcc/arm-none-eabi/13.3.1/../../../../arm-none-eabi/lib/thumb/v7e-m+fp/hard\libc_nano.a(libc_a-calloc.o)
                              ./Drivers/AD717x/no_os_alloc.o (calloc)
C:/ST/STM32CubeIDE_1.19.0/STM32CubeIDE/plugins/com.st.stm32cube.ide.mcu.externaltools.gnu-tools-for-stm32.13.3.rel1.win32_1.0.0.202411081344/tools/bin/../lib/gcc/arm-none-eabi/13.3.1/../../../../arm-none-eabi/lib/thumb/v7e-m+fp/hard\libc_nano.a(libc_a-callocr.o)
                              C:/ST/STM32CubeIDE_1.19.0/STM32CubeIDE/plugins/com.st.stm32cube.ide.mcu.externaltools.gnu-tools-for-stm32.13.3.rel1.win32_1.0.0.202411081344/tools/bin/../lib/gcc/arm-none-eabi/13.3.1/../../../../arm-none-eabi/lib/thumb/v7e-m+fp/hard\libc_nano.a(libc_a-calloc.o) (_calloc_r)
C:/ST/STM32CubeIDE_1.19.0/STM32CubeIDE/plugins/com.st.stm32cube.ide.mcu.externaltools.gnu-tools-for-stm32.13.3.rel1.win32_1.0.0.202411081344/tools/bin/../lib/gcc/arm-none-eabi/13.3.1/../../../../arm-none-eabi/lib/thumb/v7e-m+fp/hard\libc_nano.a(libc_a-exit.o)
                              C:/ST/STM32CubeIDE_1.19.0/STM32CubeIDE/plugins/com.st.stm32cube.ide.mcu.externaltools.gnu-tools-for-stm32.13.3.rel1.win32_1.0.0.202411081344/tools/bin/../lib/gcc/arm-none-eabi/13.3.1/../../../../arm-none-eabi/lib/thumb/v7e-m+fp/hard/crt0.o (exit)
C:/ST/STM32CubeIDE_1.19.0/STM32CubeIDE/plugins/com.st.stm32cube.ide.mcu.externaltools.gnu-tools-for-stm32.13.3.rel1.win32_1.0.0.202411081344/tools/bin/../lib/gcc/arm-none-eabi/13.3.1/../../../../arm-none-eabi/lib/thumb/v7e-m+fp/hard\libc_nano.a(libc_a-malloc.o)
                              ./Drivers/AD717x/no_os_alloc.o (malloc)
C:/ST/STM32CubeIDE_1.19.0/STM32CubeIDE/plugins/com.st.stm32cube.ide.mcu.externaltools.gnu-tools-for-stm32.13.3.rel1.win32_1.0.0.202411081344/tools/bin/../lib/gcc/arm-none-eabi/13.3.1/../../../../arm-none-eabi/lib/thumb/v7e-m+fp/hard\libc_nano.a(libc_a-mallocr.o)
                              C:/ST/STM32CubeIDE_1.19.0/STM32CubeIDE/plugins/com.st.stm32cube.ide.mcu.externaltools.gnu-tools-for-stm32.13.3.rel1.win32_1.0.0.202411081344/tools/bin/../lib/gcc/arm-none-eabi/13.3.1/../../../../arm-none-eabi/lib/thumb/v7e-m+fp/hard\libc_nano.a(libc_a-callocr.o) (_malloc_r)
C:/ST/STM32CubeIDE_1.19.0/STM32CubeIDE/plugins/com.st.stm32cube.ide.mcu.externaltools.gnu-tools-for-stm32.13.3.rel1.win32_1.0.0.202411081344/tools/bin/../lib/gcc/arm-none-eabi/13.3.1/../../../../arm-none-eabi/lib/thumb/v7e-m+fp/hard\libc_nano.a(libc_a-mlock.o)
                              C:/ST/STM32CubeIDE_1.19.0/STM32CubeIDE/plugins/com.st.stm32cube.ide.mcu.externaltools.gnu-tools-for-stm32.13.3.rel1.win32_1.0.0.202411081344/tools/bin/../lib/gcc/arm-none-eabi/13.3.1/../../../../arm-none-eabi/lib/thumb/v7e-m+fp/hard\libc_nano.a(libc_a-mallocr.o) (__malloc_lock)
C:/ST/STM32CubeIDE_1.19.0/STM32CubeIDE/plugins/com.st.stm32cube.ide.mcu.externaltools.gnu-tools-for-stm32.13.3.rel1.win32_1.0.0.202411081344/tools/bin/../lib/gcc/arm-none-eabi/13.3.1/../../../../arm-none-eabi/lib/thumb/v7e-m+fp/hard\libc_nano.a(libc_a-strtol.o)
                              ./Drivers/AD717x/no_os_util.o (strtol)
C:/ST/STM32CubeIDE_1.19.0/STM32CubeIDE/plugins/com.st.stm32cube.ide.mcu.externaltools.gnu-tools-for-stm32.13.3.rel1.win32_1.0.0.202411081344/tools/bin/../lib/gcc/arm-none-eabi/13.3.1/../../../../arm-none-eabi/lib/thumb/v7e-m+fp/hard\libc_nano.a(libc_a-strtoul.o)
                              ./Drivers/AD717x/no_os_util.o (strtoul)
C:/ST/STM32CubeIDE_1.19.0/STM32CubeIDE/plugins/com.st.stm32cube.ide.mcu.externaltools.gnu-tools-for-stm32.13.3.rel1.win32_1.0.0.202411081344/tools/bin/../lib/gcc/arm-none-eabi/13.3.1/../../../../arm-none-eabi/lib/thumb/v7e-m+fp/hard\libc_nano.a(libc_a-ctype_.o)
                              C:/ST/STM32CubeIDE_1.19.0/STM32CubeIDE/plugins/com.st.stm32cube.ide.mcu.externaltools.gnu-tools-for-stm32.13.3.rel1.win32_1.0.0.202411081344/tools/bin/../lib/gcc/arm-none-eabi/13.3.1/../../../../arm-none-eabi/lib/thumb/v7e-m+fp/hard\libc_nano.a(libc_a-strtol.o) (_ctype_)
C:/ST/STM32CubeIDE_1.19.0/STM32CubeIDE/plugins/com.st.stm32cube.ide.mcu.externaltools.gnu-tools-for-stm32.13.3.rel1.win32_1.0.0.202411081344/tools/bin/../lib/gcc/arm-none-eabi/13.3.1/../../../../arm-none-eabi/lib/thumb/v7e-m+fp/hard\libc_nano.a(libc_a-findfp.o)
                              C:/ST/STM32CubeIDE_1.19.0/STM32CubeIDE/plugins/com.st.stm32cube.ide.mcu.externaltools.gnu-tools-for-stm32.13.3.rel1.win32_1.0.0.202411081344/tools/bin/../lib/gcc/arm-none-eabi/13.3.1/../../../../arm-none-eabi/lib/thumb/v7e-m+fp/hard\libc_nano.a(libc_a-exit.o) (__stdio_exit_handler)
[...]
Memory Configuration

Name             Origin             Length             Attributes
RAM              0x20000000         0x0000c000         xrw
RAM2             0x10000000         0x00004000         xrw
FLASH            0x08000000         0x00040000         xr
*default*        0x00000000         0xffffffff

Linker script and memory map

LOAD C:/ST/STM32CubeIDE_1.19.0/STM32CubeIDE/plugins/com.st.stm32cube.ide.mcu.externaltools.gnu-tools-for-stm32.13.3.rel1.win32_1.0.0.202411081344/tools/bin/../lib/gcc/arm-none-eabi/13.3.1/thumb/v7e-m+fp/hard/crti.o
LOAD C:/ST/STM32CubeIDE_1.19.0/STM32CubeIDE/plugins/com.st.stm32cube.ide.mcu.externaltools.gnu-tools-for-stm32.13.3.rel1.win32_1.0.0.202411081344/tools/bin/../lib/gcc/arm-none-eabi/13.3.1/thumb/v7e-m+fp/hard/crtbegin.o
LOAD C:/ST/STM32CubeIDE_1.19.0/STM32CubeIDE/plugins/com.st.stm32cube.ide.mcu.externaltools.gnu-tools-for-stm32.13.3.rel1.win32_1.0.0.202411081344/tools/bin/../lib/gcc/arm-none-eabi/13.3.1/../../../../arm-none-eabi/lib/thumb/v7e-m+fp/hard/crt0.o
LOAD ./Core/Src/main.o
LOAD ./Core/Src/stm32l4xx_hal_msp.o
LOAD ./Core/Src/stm32l4xx_it.o
LOAD ./Core/Src/syscalls.o
LOAD ./Core/Src/sysmem.o
LOAD ./Core/Src/system_stm32l4xx.o
LOAD ./Core/Startup/startup_stm32l432kcux.o
LOAD ./Drivers/AD717x/ad717x.o
LOAD ./Drivers/AD717x/no_os_alloc.o
LOAD ./Drivers/AD717x/no_os_spi.o
LOAD ./Drivers/AD717x/no_os_util.o
LOAD ./Drivers/STM32L4xx_HAL_Driver/Src/stm32l4xx_hal.o
LOAD ./Drivers/STM32L4xx_HAL_Driver/Src/stm32l4xx_hal_cortex.o
LOAD ./Drivers/STM32L4xx_HAL_Driver/Src/stm32l4xx_hal_dma.o
LOAD ./Drivers/STM32L4xx_HAL_Driver/Src/stm32l4xx_hal_dma_ex.o
LOAD ./Drivers/STM32L4xx_HAL_Driver/Src/stm32l4xx_hal_exti.o
LOAD ./Drivers/STM32L4xx_HAL_Driver/Src/stm32l4xx_hal_flash.o
LOAD ./Drivers/STM32L4xx_HAL_Driver/Src/stm32l4xx_hal_flash_ex.o
LOAD ./Drivers/STM32L4xx_HAL_Driver/Src/stm32l4xx_hal_flash_ramfunc.o
LOAD ./Drivers/STM32L4xx_HAL_Driver/Src/stm32l4xx_hal_gpio.o
LOAD ./Drivers/STM32L4xx_HAL_Driver/Src/stm32l4xx_hal_i2c.o
LOAD ./Drivers/STM32L4xx_HAL_Driver/Src/stm32l4xx_hal_i2c_ex.o
LOAD ./Drivers/STM32L4xx_HAL_Driver/Src/stm32l4xx_hal_pwr.o
LOAD ./Drivers/STM32L4xx_HAL_Driver/Src/stm32l4xx_hal_pwr_ex.o
LOAD ./Drivers/STM32L4xx_HAL_Driver/Src/stm32l4xx_hal_rcc.o
LOAD ./Drivers/STM32L4xx_HAL_Driver/Src/stm32l4xx_hal_rcc_ex.o
LOAD ./Drivers/STM32L4xx_HAL_Driver/Src/stm32l4xx_hal_spi.o
LOAD ./Drivers/STM32L4xx_HAL_Driver/Src/stm32l4xx_hal_spi_ex.o
LOAD ./Drivers/STM32L4xx_HAL_Driver/Src/stm32l4xx_hal_uart.o
LOAD ./Drivers/STM32L4xx_HAL_Driver/Src/stm32l4xx_hal_uart_ex.o
START GROUP
LOAD C:/ST/STM32CubeIDE_1.19.0/STM32CubeIDE/plugins/com.st.stm32cube.ide.mcu.externaltools.gnu-tools-for-stm32.13.3.rel1.win32_1.0.0.202411081344/tools/bin/../lib/gcc/arm-none-eabi/13.3.1/../../../../arm-none-eabi/lib/thumb/v7e-m+fp/hard\libc_nano.a
LOAD C:/ST/STM32CubeIDE_1.19.0/STM32CubeIDE/plugins/com.st.stm32cube.ide.mcu.externaltools.gnu-tools-for-stm32.13.3.rel1.win32_1.0.0.202411081344/tools/bin/../lib/gcc/arm-none-eabi/13.3.1/../../../../arm-none-eabi/lib/thumb/v7e-m+fp/hard\libm.a
END GROUP
START GROUP
LOAD C:/ST/STM32CubeIDE_1.19.0/STM32CubeIDE/plugins/com.st.stm32cube.ide.mcu.externaltools.gnu-tools-for-stm32.13.3.rel1.win32_1.0.0.202411081344/tools/bin/../lib/gcc/arm-none-eabi/13.3.1/thumb/v7e-m+fp/hard\libgcc.a
LOAD C:/ST/STM32CubeIDE_1.19.0/STM32CubeIDE/plugins/com.st.stm32cube.ide.mcu.externaltools.gnu-tools-for-stm32.13.3.rel1.win32_1.0.0.202411081344/tools/bin/../lib/gcc/arm-none-eabi/13.3.1/../../../../arm-none-eabi/lib/thumb/v7e-m+fp/hard\libc_nano.a
END GROUP
START GROUP
LOAD C:/ST/STM32CubeIDE_1.19.0/STM32CubeIDE/plugins/com.st.stm32cube.ide.mcu.externaltools.gnu-tools-for-stm32.13.3.rel1.win32_1.0.0.202411081344/tools/bin/../lib/gcc/arm-none-eabi/13.3.1/thumb/v7e-m+fp/hard\libgcc.a
LOAD C:/ST/STM32CubeIDE_1.19.0/STM32CubeIDE/plugins/com.st.stm32cube.ide.mcu.externaltools.gnu-tools-for-stm32.13.3.rel1.win32_1.0.0.202411081344/tools/bin/../lib/gcc/arm-none-eabi/13.3.1/../../../../arm-none-eabi/lib/thumb/v7e-m+fp/hard\libc_nano.a
LOAD C:/ST/STM32CubeIDE_1.19.0/STM32CubeIDE/plugins/com.st.stm32cube.ide.mcu.externaltools.gnu-tools-for-stm32.13.3.rel1.win32_1.0.0.202411081344/tools/bin/../lib/gcc/arm-none-eabi/13.3.1/../../../../arm-none-eabi/lib/thumb/v7e-m+fp/hard\libnosys.a
END GROUP
START GROUP
LOAD C:/ST/STM32CubeIDE_1.19.0/STM32CubeIDE/plugins/com.st.stm32cube.ide.mcu.externaltools.gnu-tools-for-stm32.13.3.rel1.win32_1.0.0.202411081344/tools/bin/../lib/gcc/arm-none-eabi/13.3.1/thumb/v7e-m+fp/hard\libgcc.a
LOAD C:/ST/STM32CubeIDE_1.19.0/STM32CubeIDE/plugins/com.st.stm32cube.ide.mcu.externaltools.gnu-tools-for-stm32.13.3.rel1.win32_1.0.0.202411081344/tools/bin/../lib/gcc/arm-none-eabi/13.3.1/../../../../arm-none-eabi/lib/thumb/v7e-m+fp/hard\libc_nano.a
LOAD C:/ST/STM32CubeIDE_1.19.0/STM32CubeIDE/plugins/com.st.stm32cube.ide.mcu.externaltools.gnu-tools-for-stm32.13.3.rel1.win32_1.0.0.202411081344/tools/bin/../lib/gcc/arm-none-eabi/13.3.1/../../../../arm-none-eabi/lib/thumb/v7e-m+fp/hard\libnosys.a
END GROUP
LOAD C:/ST/STM32CubeIDE_1.19.0/STM32CubeIDE/plugins/com.st.stm32cube.ide.mcu.externaltools.gnu-tools-for-stm32.13.3.rel1.win32_1.0.0.202411081344/tools/bin/../lib/gcc/arm-none-eabi/13.3.1/thumb/v7e-m+fp/hard/crtend.o
LOAD C:/ST/STM32CubeIDE_1.19.0/STM32CubeIDE/plugins/com.st.stm32cube.ide.mcu.externaltools.gnu-tools-for-stm32.13.3.rel1.win32_1.0.0.202411081344/tools/bin/../lib/gcc/arm-none-eabi/13.3.1/thumb/v7e-m+fp/hard/crtn.o
                0x2000c000                        _estack = (ORIGIN (RAM) + LENGTH (RAM))
                0x00000200                        _Min_Heap_Size = 0x200
                0x00000400                        _Min_Stack_Size = 0x400

.isr_vector     0x08000000      0x18c
                0x08000000                        . = ALIGN (0x4)
 *(.isr_vector)
 .isr_vector    0x08000000      0x18c ./Core/Startup/startup_stm32l432kcux.o
                0x08000000                g_pfnVectors
                0x0800018c                        . = ALIGN (0x4)

.text           0x0800018c     0x5eec
                0x0800018c                        . = ALIGN (0x4)
 *(.text)
 .text          0x0800018c       0x40 C:/ST/STM32CubeIDE_1.19.0/STM32CubeIDE/plugins/com.st.stm32cube.ide.mcu.externaltools.gnu-tools-for-stm32.13.3.rel1.win32_1.0.0.202411081344/tools/bin/../lib/gcc/arm-none-eabi/13.3.1/thumb/v7e-m+fp/hard/crtbegin.o
 .text          0x080001cc       0x30 C:/ST/STM32CubeIDE_1.19.0/STM32CubeIDE/plugins/com.st.stm32cube.ide.mcu.externaltools.gnu-tools-for-stm32.13.3.rel1.win32_1.0.0.202411081344/tools/bin/../lib/gcc/arm-none-eabi/13.3.1/thumb/v7e-m+fp/hard\libgcc.a(_aeabi_uldivmod.o)
                0x080001cc                __aeabi_uldivmod
 .text          0x080001fc      0x2f8 C:/ST/STM32CubeIDE_1.19.0/STM32CubeIDE/plugins/com.st.stm32cube.ide.mcu.externaltools.gnu-tools-for-stm32.13.3.rel1.win32_1.0.0.202411081344/tools/bin/../lib/gcc/arm-none-eabi/13.3.1/thumb/v7e-m+fp/hard\libgcc.a(_udivmoddi4.o)
                0x080001fc                __udivmoddi4
 .text          0x080004f4        0x4 C:/ST/STM32CubeIDE_1.19.0/STM32CubeIDE/plugins/com.st.stm32cube.ide.mcu.externaltools.gnu-tools-for-stm32.13.3.rel1.win32_1.0.0.202411081344/tools/bin/../lib/gcc/arm-none-eabi/13.3.1/thumb/v7e-m+fp/hard\libgcc.a(_dvmd_tls.o)
                0x080004f4                __aeabi_idiv0
                0x080004f4                __aeabi_ldiv0
 *(.text*)
 .text.__NVIC_EnableIRQ
                0x080004f8       0x3c ./Core/Src/main.o
 .text.__NVIC_DisableIRQ
                0x08000534       0x48 ./Core/Src/main.o
 .text.__NVIC_ClearPendingIRQ
                0x0800057c       0x3c ./Core/Src/main.o
 .text.build_init_struct
                0x080005b8      0x134 ./Core/Src/main.o
 .text.AD7175_8_Init
                0x080006ec       0x40 ./Core/Src/main.o
                0x080006ec                AD7175_8_Init
 .text.ad7175_8_start_continuous
                0x0800072c       0x3c ./Core/Src/main.o
                0x0800072c                ad7175_8_start_continuous
 .text.ad7175_8_unpack
                0x08000768       0x52 ./Core/Src/main.o
 *fill*         0x080007ba        0x2 
 .text.rdy_exti_enable
                0x080007bc       0x2c ./Core/Src/main.o
 .text.rdy_exti_disable
                0x080007e8       0x20 ./Core/Src/main.o
 .text.rdy_to_exti
                0x08000808       0x20 ./Core/Src/main.o
 .text.rdy_to_spi
                0x08000828       0x24 ./Core/Src/main.o
 .text.u32_to_dec
                0x0800084c       0x64 ./Core/Src/main.o
 .text.build_tx_frame
                0x080008b0      0x120 ./Core/Src/main.o
 .text.init_frame
                0x080009d0       0x24 ./Core/Src/main.o
 .text.set_pixel
                0x080009f4       0x5c ./Core/Src/main.o
 .text.HAL_GPIO_EXTI_Callback
                0x08000a50       0xb8 ./Core/Src/main.o
                0x08000a50                HAL_GPIO_EXTI_Callback
 .text.HAL_UART_TxCpltCallback
                0x08000b08       0x2c ./Core/Src/main.o
                0x08000b08                HAL_UART_TxCpltCallback
 .text.main     0x08000b34      0x168 ./Core/Src/main.o
                0x08000b34                main
 .text.SystemClock_Config
                0x08000c9c       0xa2 ./Core/Src/main.o
                0x08000c9c                SystemClock_Config
 *fill*         0x08000d3e        0x2 
 .text.MX_SPI1_Init
                0x08000d40       0x7c ./Core/Src/main.o
 .text.MX_SPI3_Init
                0x08000dbc       0x7c ./Core/Src/main.o
 .text.MX_USART2_UART_Init
                0x08000e38       0x60 ./Core/Src/main.o
 .text.MX_DMA_Init
                0x08000e98       0x3c ./Core/Src/main.o
 .text.MX_GPIO_Init
                0x08000ed4      0x124 ./Core/Src/main.o
 .text.Error_Handler
                0x08000ff8        0xc ./Core/Src/main.o
                0x08000ff8                Error_Handler
 .text.HAL_MspInit
                0x08001004       0x48 ./Core/Src/stm32l4xx_hal_msp.o
                0x08001004                HAL_MspInit
 .text.HAL_SPI_MspInit
                0x0800104c       0xe8 ./Core/Src/stm32l4xx_hal_msp.o
                0x0800104c                HAL_SPI_MspInit
 .text.HAL_UART_MspInit
                0x08001134      0x13c ./Core/Src/stm32l4xx_hal_msp.o
                0x08001134                HAL_UART_MspInit
 .text.NMI_Handler
                0x08001270        0x8 ./Core/Src/stm32l4xx_it.o
                0x08001270                NMI_Handler
 .text.HardFault_Handler
                0x08001278        0x8 ./Core/Src/stm32l4xx_it.o
                0x08001278                HardFault_Handler
 .text.MemManage_Handler
                0x08001280        0x8 ./Core/Src/stm32l4xx_it.o
                0x08001280                MemManage_Handler
 .text.BusFault_Handler
                0x08001288        0x8 ./Core/Src/stm32l4xx_it.o
                0x08001288                BusFault_Handler
 .text.UsageFault_Handler
                0x08001290        0x8 ./Core/Src/stm32l4xx_it.o
                0x08001290                UsageFault_Handler
 .text.SVC_Handler
                0x08001298        0xe ./Core/Src/stm32l4xx_it.o
                0x08001298                SVC_Handler
 .text.DebugMon_Handler
                0x080012a6        0xe ./Core/Src/stm32l4xx_it.o
                0x080012a6                DebugMon_Handler
 .text.PendSV_Handler
                0x080012b4        0xe ./Core/Src/stm32l4xx_it.o
                0x080012b4                PendSV_Handler
 .text.SysTick_Handler
                0x080012c2        0xc ./Core/Src/stm32l4xx_it.o
                0x080012c2                SysTick_Handler
 *fill*         0x080012ce        0x2 
 .text.DMA1_Channel7_IRQHandler
                0x080012d0       0x14 ./Core/Src/stm32l4xx_it.o
                0x080012d0                DMA1_Channel7_IRQHandler
 .text.EXTI9_5_IRQHandler
                0x080012e4       0x10 ./Core/Src/stm32l4xx_it.o
                0x080012e4                EXTI9_5_IRQHandler
 .text.USART2_IRQHandler
                0x080012f4       0x14 ./Core/Src/stm32l4xx_it.o
                0x080012f4                USART2_IRQHandler
 .text.EXTI4_IRQHandler
                0x08001308        0xe ./Core/Src/stm32l4xx_it.o
                0x08001308                EXTI4_IRQHandler
 *fill*         0x08001316        0x2 
 .text._sbrk    0x08001318       0x6c ./Core/Src/sysmem.o
                0x08001318                _sbrk
 .text.SystemInit
                0x08001384       0x24 ./Core/Src/system_stm32l4xx.o
                0x08001384                SystemInit
 .text.Reset_Handler
                0x080013a8       0x50 ./Core/Startup/startup_stm32l432kcux.o
                0x080013a8                Reset_Handler
 .text.Default_Handler
                0x080013f8        0x2 ./Core/Startup/startup_stm32l432kcux.o
                0x080013f8                RTC_Alarm_IRQHandler
                0x080013f8                EXTI2_IRQHandler
                0x080013f8                TIM1_CC_IRQHandler
                0x080013f8                TSC_IRQHandler
                0x080013f8                TAMP_STAMP_IRQHandler
                0x080013f8                EXTI3_IRQHandler
                0x080013f8                LPTIM2_IRQHandler
                0x080013f8                I2C3_ER_IRQHandler
                0x080013f8                EXTI0_IRQHandler
                0x080013f8                CAN1_RX0_IRQHandler
                0x080013f8                FPU_IRQHandler
                0x080013f8                TIM1_UP_TIM16_IRQHandler
                0x080013f8                SPI1_IRQHandler
                0x080013f8                TIM6_DAC_IRQHandler
                0x080013f8                DMA2_Channel2_IRQHandler
                0x080013f8                DMA1_Channel4_IRQHandler
                0x080013f8                ADC1_IRQHandler
                0x080013f8                CAN1_RX1_IRQHandler
                0x080013f8                DMA2_Channel1_IRQHandler
                0x080013f8                QUADSPI_IRQHandler
                0x080013f8                I2C1_EV_IRQHandler
                0x080013f8                DMA1_Channel6_IRQHandler
                0x080013f8                DMA2_Channel4_IRQHandler
                0x080013f8                RCC_IRQHandler
                0x080013f8                TIM1_TRG_COM_IRQHandler
                0x080013f8                DMA1_Channel1_IRQHandler
                0x080013f8                Default_Handler
                0x080013f8                DMA2_Channel7_IRQHandler
                0x080013f8                EXTI15_10_IRQHandler
                0x080013f8                TIM7_IRQHandler
                0x080013f8                I2C3_EV_IRQHandler
                0x080013f8                USB_IRQHandler
                0x080013f8                RTC_WKUP_IRQHandler
                0x080013f8                PVD_PVM_IRQHandler
                0x080013f8                CAN1_TX_IRQHandler
                0x080013f8                DMA2_Channel5_IRQHandler
                0x080013f8                CRS_IRQHandler
                0x080013f8                DMA1_Channel5_IRQHandler
                0x080013f8                RNG_IRQHandler
                0x080013f8                DMA1_Channel3_IRQHandler
                0x080013f8                COMP_IRQHandler
                0x080013f8                WWDG_IRQHandler
                0x080013f8                LPUART1_IRQHandler
                0x080013f8                DMA2_Channel6_IRQHandler
                0x080013f8                TIM2_IRQHandler
                0x080013f8                EXTI1_IRQHandler
                0x080013f8                DMA1_Channel2_IRQHandler
                0x080013f8                CAN1_SCE_IRQHandler
                0x080013f8                FLASH_IRQHandler
                0x080013f8                USART1_IRQHandler
                0x080013f8                SPI3_IRQHandler
                0x080013f8                I2C1_ER_IRQHandler
                0x080013f8                SWPMI1_IRQHandler
                0x080013f8                LPTIM1_IRQHandler
                0x080013f8                SAI1_IRQHandler
                0x080013f8                DMA2_Channel3_IRQHandler
                0x080013f8                TIM1_BRK_TIM15_IRQHandler
 .text.ad717x_set_channel_status
                0x080013fa       0x8a ./Drivers/AD717x/ad717x.o
                0x080013fa                ad717x_set_channel_status
 .text.ad717x_set_adc_mode
                0x08001484       0x88 ./Drivers/AD717x/ad717x.o
                0x08001484                ad717x_set_adc_mode
 .text.ad717x_connect_analog_input
                0x0800150c      0x15e ./Drivers/AD717x/ad717x.o
                0x0800150c                ad717x_connect_analog_input
 .text.ad717x_assign_setup
                0x0800166a       0x9e ./Drivers/AD717x/ad717x.o
                0x0800166a                ad717x_assign_setup
 .text.ad717x_set_polarity
                0x08001708       0x8a ./Drivers/AD717x/ad717x.o
                0x08001708                ad717x_set_polarity
 .text.ad717x_set_reference_source
                0x08001792       0xe0 ./Drivers/AD717x/ad717x.o
                0x08001792                ad717x_set_reference_source
 .text.ad717x_enable_input_buffer
                0x08001872       0xc2 ./Drivers/AD717x/ad717x.o
                0x08001872                ad717x_enable_input_buffer
 .text.AD717X_GetReg
                0x08001934       0x72 ./Drivers/AD717x/ad717x.o
                0x08001934                AD717X_GetReg
 .text.AD717X_ReadRegister
                0x080019a6      0x1e2 ./Drivers/AD717x/ad717x.o
                0x080019a6                AD717X_ReadRegister
 .text.AD717X_WriteRegister
                0x08001b88      0x104 ./Drivers/AD717x/ad717x.o
                0x08001b88                AD717X_WriteRegister
 .text.AD717X_Reset
                0x08001c8c       0x48 ./Drivers/AD717x/ad717x.o
                0x08001c8c                AD717X_Reset
 .text.AD717X_ComputeCRC8
                0x08001cd4       0x84 ./Drivers/AD717x/ad717x.o
                0x08001cd4                AD717X_ComputeCRC8
 .text.AD717X_ComputeXOR8
                0x08001d58       0x3c ./Drivers/AD717x/ad717x.o
                0x08001d58                AD717X_ComputeXOR8
 .text.AD717X_UpdateCRCSetting
                0x08001d94       0x6a ./Drivers/AD717x/ad717x.o
                0x08001d94                AD717X_UpdateCRCSetting
 .text.ad717x_configure_device_odr
                0x08001dfe       0x82 ./Drivers/AD717x/ad717x.o
                0x08001dfe                ad717x_configure_device_odr
 .text.AD717X_Init
                0x08001e80      0x266 ./Drivers/AD717x/ad717x.o
                0x08001e80                AD717X_Init
 .text.no_os_malloc
                0x080020e6       0x18 ./Drivers/AD717x/no_os_alloc.o
                0x080020e6                no_os_malloc
 .text.no_os_spi_init
                0x080020fe       0x62 ./Drivers/AD717x/no_os_spi.o
                0x080020fe                no_os_spi_init
 .text.no_os_spi_write_and_read
                0x08002160       0xfe ./Drivers/AD717x/no_os_spi.o
                0x08002160                no_os_spi_write_and_read
 .text.HAL_Init
                0x0800225e       0x30 ./Drivers/STM32L4xx_HAL_Driver/Src/stm32l4xx_hal.o
                0x0800225e                HAL_Init
 *fill*         0x0800228e        0x2 
 .text.HAL_InitTick
                0x08002290       0x78 ./Drivers/STM32L4xx_HAL_Driver/Src/stm32l4xx_hal.o
                0x08002290                HAL_InitTick
 .text.HAL_IncTick
                0x08002308       0x28 ./Drivers/STM32L4xx_HAL_Driver/Src/stm32l4xx_hal.o
                0x08002308                HAL_IncTick
 .text.HAL_GetTick
                0x08002330       0x18 ./Drivers/STM32L4xx_HAL_Driver/Src/stm32l4xx_hal.o
                0x08002330                HAL_GetTick
 .text.__NVIC_SetPriorityGrouping
                0x08002348       0x48 ./Drivers/STM32L4xx_HAL_Driver/Src/stm32l4xx_hal_cortex.o
 .text.__NVIC_GetPriorityGrouping
                0x08002390       0x1c ./Drivers/STM32L4xx_HAL_Driver/Src/stm32l4xx_hal_cortex.o
 .text.__NVIC_EnableIRQ
                0x080023ac       0x3c ./Drivers/STM32L4xx_HAL_Driver/Src/stm32l4xx_hal_cortex.o
 .text.__NVIC_SetPriority
                0x080023e8       0x54 ./Drivers/STM32L4xx_HAL_Driver/Src/stm32l4xx_hal_cortex.o
 .text.NVIC_EncodePriority
                0x0800243c       0x66 ./Drivers/STM32L4xx_HAL_Driver/Src/stm32l4xx_hal_cortex.o
 *fill*         0x080024a2        0x2 
 .text.SysTick_Config
                0x080024a4       0x44 ./Drivers/STM32L4xx_HAL_Driver/Src/stm32l4xx_hal_cortex.o
 .text.HAL_NVIC_SetPriorityGrouping
                0x080024e8       0x16 ./Drivers/STM32L4xx_HAL_Driver/Src/stm32l4xx_hal_cortex.o
                0x080024e8                HAL_NVIC_SetPriorityGrouping
 .text.HAL_NVIC_SetPriority
                0x080024fe       0x38 ./Drivers/STM32L4xx_HAL_Driver/Src/stm32l4xx_hal_cortex.o
                0x080024fe                HAL_NVIC_SetPriority
 .text.HAL_NVIC_EnableIRQ
                0x08002536       0x1c ./Drivers/STM32L4xx_HAL_Driver/Src/stm32l4xx_hal_cortex.o
                0x08002536                HAL_NVIC_EnableIRQ
 .text.HAL_SYSTICK_Config
                0x08002552       0x18 ./Drivers/STM32L4xx_HAL_Driver/Src/stm32l4xx_hal_cortex.o
                0x08002552                HAL_SYSTICK_Config
 *fill*         0x0800256a        0x2 
 .text.HAL_DMA_Init
                0x0800256c      0x170 ./Drivers/STM32L4xx_HAL_Driver/Src/stm32l4xx_hal_dma.o
                0x0800256c                HAL_DMA_Init
 .text.HAL_DMA_Start_IT
                0x080026dc       0xc0 ./Drivers/STM32L4xx_HAL_Driver/Src/stm32l4xx_hal_dma.o
                0x080026dc                HAL_DMA_Start_IT
 .text.HAL_DMA_Abort
                0x0800279c       0x7c ./Drivers/STM32L4xx_HAL_Driver/Src/stm32l4xx_hal_dma.o
                0x0800279c                HAL_DMA_Abort
 .text.HAL_DMA_Abort_IT
                0x08002818       0x82 ./Drivers/STM32L4xx_HAL_Driver/Src/stm32l4xx_hal_dma.o
                0x08002818                HAL_DMA_Abort_IT
 .text.HAL_DMA_IRQHandler
                0x0800289a      0x15e ./Drivers/STM32L4xx_HAL_Driver/Src/stm32l4xx_hal_dma.o
                0x0800289a                HAL_DMA_IRQHandler
 .text.DMA_SetConfig
                0x080029f8       0x60 ./Drivers/STM32L4xx_HAL_Driver/Src/stm32l4xx_hal_dma.o
 .text.HAL_GPIO_Init
                0x08002a58      0x2d4 ./Drivers/STM32L4xx_HAL_Driver/Src/stm32l4xx_hal_gpio.o
                0x08002a58                HAL_GPIO_Init
 .text.HAL_GPIO_WritePin
                0x08002d2c       0x30 ./Drivers/STM32L4xx_HAL_Driver/Src/stm32l4xx_hal_gpio.o
                0x08002d2c                HAL_GPIO_WritePin
 .text.HAL_GPIO_EXTI_IRQHandler
                0x08002d5c       0x30 ./Drivers/STM32L4xx_HAL_Driver/Src/stm32l4xx_hal_gpio.o
                0x08002d5c                HAL_GPIO_EXTI_IRQHandler
 .text.HAL_PWREx_GetVoltageRange
                0x08002d8c       0x1c ./Drivers/STM32L4xx_HAL_Driver/Src/stm32l4xx_hal_pwr_ex.o
                0x08002d8c                HAL_PWREx_GetVoltageRange
 .text.HAL_PWREx_ControlVoltageScaling
                0x08002da8       0xac ./Drivers/STM32L4xx_HAL_Driver/Src/stm32l4xx_hal_pwr_ex.o
                0x08002da8                HAL_PWREx_ControlVoltageScaling
 .text.HAL_RCC_OscConfig
                0x08002e54      0x828 ./Drivers/STM32L4xx_HAL_Driver/Src/stm32l4xx_hal_rcc.o
                0x08002e54                HAL_RCC_OscConfig
 .text.HAL_RCC_ClockConfig
                0x0800367c      0x200 ./Drivers/STM32L4xx_HAL_Driver/Src/stm32l4xx_hal_rcc.o
                0x0800367c                HAL_RCC_ClockConfig
 .text.HAL_RCC_GetSysClockFreq
                0x0800387c      0x118 ./Drivers/STM32L4xx_HAL_Driver/Src/stm32l4xx_hal_rcc.o
                0x0800387c                HAL_RCC_GetSysClockFreq
 .text.HAL_RCC_GetHCLKFreq
                0x08003994       0x18 ./Drivers/STM32L4xx_HAL_Driver/Src/stm32l4xx_hal_rcc.o
                0x08003994                HAL_RCC_GetHCLKFreq
 .text.HAL_RCC_GetPCLK1Freq
                0x080039ac       0x2c ./Drivers/STM32L4xx_HAL_Driver/Src/stm32l4xx_hal_rcc.o
                0x080039ac                HAL_RCC_GetPCLK1Freq
 .text.HAL_RCC_GetPCLK2Freq
                0x080039d8       0x2c ./Drivers/STM32L4xx_HAL_Driver/Src/stm32l4xx_hal_rcc.o
                0x080039d8                HAL_RCC_GetPCLK2Freq
 .text.RCC_SetFlashLatencyFromMSIRange
                0x08003a04       0xc0 ./Drivers/STM32L4xx_HAL_Driver/Src/stm32l4xx_hal_rcc.o
 .text.HAL_RCCEx_PeriphCLKConfig
                0x08003ac4      0x3ec ./Drivers/STM32L4xx_HAL_Driver/Src/stm32l4xx_hal_rcc_ex.o
                0x08003ac4                HAL_RCCEx_PeriphCLKConfig
 .text.RCCEx_PLLSAI1_Config
                0x08003eb0      0x1e4 ./Drivers/STM32L4xx_HAL_Driver/Src/stm32l4xx_hal_rcc_ex.o
 .text.HAL_SPI_Init
                0x08004094      0x146 ./Drivers/STM32L4xx_HAL_Driver/Src/stm32l4xx_hal_spi.o
                0x08004094                HAL_SPI_Init
 .text.HAL_SPI_Transmit
                0x080041da      0x2ec ./Drivers/STM32L4xx_HAL_Driver/Src/stm32l4xx_hal_spi.o
                0x080041da                HAL_SPI_Transmit
 .text.HAL_SPI_TransmitReceive
                0x080044c6      0x43e ./Drivers/STM32L4xx_HAL_Driver/Src/stm32l4xx_hal_spi.o
                0x080044c6                HAL_SPI_TransmitReceive
 .text.SPI_WaitFlagStateUntilTimeout
                0x08004904      0x110 ./Drivers/STM32L4xx_HAL_Driver/Src/stm32l4xx_hal_spi.o
 .text.SPI_WaitFifoStateUntilTimeout
                0x08004a14      0x12c ./Drivers/STM32L4xx_HAL_Driver/Src/stm32l4xx_hal_spi.o
 .text.SPI_EndRxTxTransaction
                0x08004b40       0x8c ./Drivers/STM32L4xx_HAL_Driver/Src/stm32l4xx_hal_spi.o
 .text.HAL_UART_Init
                0x08004bcc       0x9c ./Drivers/STM32L4xx_HAL_Driver/Src/stm32l4xx_hal_uart.o
                0x08004bcc                HAL_UART_Init
 .text.HAL_UART_Transmit_DMA
                0x08004c68       0xf8 ./Drivers/STM32L4xx_HAL_Driver/Src/stm32l4xx_hal_uart.o
                0x08004c68                HAL_UART_Transmit_DMA
 .text.HAL_UART_IRQHandler
                0x08004d60      0x60c ./Drivers/STM32L4xx_HAL_Driver/Src/stm32l4xx_hal_uart.o
                0x08004d60                HAL_UART_IRQHandler
 .text.HAL_UART_TxHalfCpltCallback
                0x0800536c       0x14 ./Drivers/STM32L4xx_HAL_Driver/Src/stm32l4xx_hal_uart.o
                0x0800536c                HAL_UART_TxHalfCpltCallback
 .text.HAL_UART_ErrorCallback
                0x08005380       0x14 ./Drivers/STM32L4xx_HAL_Driver/Src/stm32l4xx_hal_uart.o
                0x08005380                HAL_UART_ErrorCallback
 .text.HAL_UARTEx_RxEventCallback
                0x08005394       0x18 ./Drivers/STM32L4xx_HAL_Driver/Src/stm32l4xx_hal_uart.o
                0x08005394                HAL_UARTEx_RxEventCallback
 .text.UART_SetConfig
                0x080053ac      0x458 ./Drivers/STM32L4xx_HAL_Driver/Src/stm32l4xx_hal_uart.o
                0x080053ac                UART_SetConfig
 .text.UART_AdvFeatureConfig
                0x08005804      0x144 ./Drivers/STM32L4xx_HAL_Driver/Src/stm32l4xx_hal_uart.o
                0x08005804                UART_AdvFeatureConfig
 .text.UART_CheckIdleState
                0x08005948      0x150 ./Drivers/STM32L4xx_HAL_Driver/Src/stm32l4xx_hal_uart.o
                0x08005948                UART_CheckIdleState
 .text.UART_WaitOnFlagUntilTimeout
                0x08005a98       0xda ./Drivers/STM32L4xx_HAL_Driver/Src/stm32l4xx_hal_uart.o
                0x08005a98                UART_WaitOnFlagUntilTimeout
 .text.UART_EndTxTransfer
                0x08005b72       0x4c ./Drivers/STM32L4xx_HAL_Driver/Src/stm32l4xx_hal_uart.o
 .text.UART_EndRxTransfer
                0x08005bbe       0xc8 ./Drivers/STM32L4xx_HAL_Driver/Src/stm32l4xx_hal_uart.o
 .text.UART_DMATransmitCplt
                0x08005c86       0x9a ./Drivers/STM32L4xx_HAL_Driver/Src/stm32l4xx_hal_uart.o
 .text.UART_DMATxHalfCplt
                0x08005d20       0x1c ./Drivers/STM32L4xx_HAL_Driver/Src/stm32l4xx_hal_uart.o
 .text.UART_DMAError
                0x08005d3c       0x7e ./Drivers/STM32L4xx_HAL_Driver/Src/stm32l4xx_hal_uart.o
 .text.UART_DMAAbortOnError
                0x08005dba       0x2c ./Drivers/STM32L4xx_HAL_Driver/Src/stm32l4xx_hal_uart.o
 .text.UART_EndTransmit_IT
                0x08005de6       0x54 ./Drivers/STM32L4xx_HAL_Driver/Src/stm32l4xx_hal_uart.o
 .text.HAL_UARTEx_WakeupCallback
                0x08005e3a       0x14 ./Drivers/STM32L4xx_HAL_Driver/Src/stm32l4xx_hal_uart_ex.o
                0x08005e3a                HAL_UARTEx_WakeupCallback
 *fill*         0x08005e4e        0x2 
 .text.malloc   0x08005e50       0x10 C:/ST/STM32CubeIDE_1.19.0/STM32CubeIDE/plugins/com.st.stm32cube.ide.mcu.externaltools.gnu-tools-for-stm32.13.3.rel1.win32_1.0.0.202411081344/tools/bin/../lib/gcc/arm-none-eabi/13.3.1/../../../../arm-none-eabi/lib/thumb/v7e-m+fp/hard\libc_nano.a(libc_a-malloc.o)
                0x08005e50                malloc
 .text.sbrk_aligned
                0x08005e60       0x44 C:/ST/STM32CubeIDE_1.19.0/STM32CubeIDE/plugins/com.st.stm32cube.ide.mcu.externaltools.gnu-tools-for-stm32.13.3.rel1.win32_1.0.0.202411081344/tools/bin/../lib/gcc/arm-none-eabi/13.3.1/../../../../arm-none-eabi/lib/thumb/v7e-m+fp/hard\libc_nano.a(libc_a-mallocr.o)
 .text._malloc_r
                0x08005ea4      0x100 C:/ST/STM32CubeIDE_1.19.0/STM32CubeIDE/plugins/com.st.stm32cube.ide.mcu.externaltools.gnu-tools-for-stm32.13.3.rel1.win32_1.0.0.202411081344/tools/bin/../lib/gcc/arm-none-eabi/13.3.1/../../../../arm-none-eabi/lib/thumb/v7e-m+fp/hard\libc_nano.a(libc_a-mallocr.o)
                0x08005ea4                _malloc_r
 .text.__malloc_lock
                0x08005fa4        0xc C:/ST/STM32CubeIDE_1.19.0/STM32CubeIDE/plugins/com.st.stm32cube.ide.mcu.externaltools.gnu-tools-for-stm32.13.3.rel1.win32_1.0.0.202411081344/tools/bin/../lib/gcc/arm-none-eabi/13.3.1/../../../../arm-none-eabi/lib/thumb/v7e-m+fp/hard\libc_nano.a(libc_a-mlock.o)
                0x08005fa4                __malloc_lock
 .text.__malloc_unlock
                0x08005fb0        0xc C:/ST/STM32CubeIDE_1.19.0/STM32CubeIDE/plugins/com.st.stm32cube.ide.mcu.externaltools.gnu-tools-for-stm32.13.3.rel1.win32_1.0.0.202411081344/tools/bin/../lib/gcc/arm-none-eabi/13.3.1/../../../../arm-none-eabi/lib/thumb/v7e-m+fp/hard\libc_nano.a(libc_a-mlock.o)
                0x08005fb0                __malloc_unlock
 .text.memset   0x08005fbc       0x10 C:/ST/STM32CubeIDE_1.19.0/STM32CubeIDE/plugins/com.st.stm32cube.ide.mcu.externaltools.gnu-tools-for-stm32.13.3.rel1.win32_1.0.0.202411081344/tools/bin/../lib/gcc/arm-none-eabi/13.3.1/../../../../arm-none-eabi/lib/thumb/v7e-m+fp/hard\libc_nano.a(libc_a-memset.o)
                0x08005fbc                memset
 .text._sbrk_r  0x08005fcc       0x20 C:/ST/STM32CubeIDE_1.19.0/STM32CubeIDE/plugins/com.st.stm32cube.ide.mcu.externaltools.gnu-tools-for-stm32.13.3.rel1.win32_1.0.0.202411081344/tools/bin/../lib/gcc/arm-none-eabi/13.3.1/../../../../arm-none-eabi/lib/thumb/v7e-m+fp/hard\libc_nano.a(libc_a-sbrkr.o)
                0x08005fcc                _sbrk_r
 .text.__errno  0x08005fec        0xc C:/ST/STM32CubeIDE_1.19.0/STM32CubeIDE/plugins/com.st.stm32cube.ide.mcu.externaltools.gnu-tools-for-stm32.13.3.rel1.win32_1.0.0.202411081344/tools/bin/../lib/gcc/arm-none-eabi/13.3.1/../../../../arm-none-eabi/lib/thumb/v7e-m+fp/hard\libc_nano.a(libc_a-errno.o)
                0x08005fec                __errno
 .text.__libc_init_array
                0x08005ff8       0x48 C:/ST/STM32CubeIDE_1.19.0/STM32CubeIDE/plugins/com.st.stm32cube.ide.mcu.externaltools.gnu-tools-for-stm32.13.3.rel1.win32_1.0.0.202411081344/tools/bin/../lib/gcc/arm-none-eabi/13.3.1/../../../../arm-none-eabi/lib/thumb/v7e-m+fp/hard\libc_nano.a(libc_a-init.o)
                0x08005ff8                __libc_init_array
 .text.__retarget_lock_acquire_recursive
                0x08006040        0x2 C:/ST/STM32CubeIDE_1.19.0/STM32CubeIDE/plugins/com.st.stm32cube.ide.mcu.externaltools.gnu-tools-for-stm32.13.3.rel1.win32_1.0.0.202411081344/tools/bin/../lib/gcc/arm-none-eabi/13.3.1/../../../../arm-none-eabi/lib/thumb/v7e-m+fp/hard\libc_nano.a(libc_a-lock.o)
                0x08006040                __retarget_lock_acquire_recursive
 .text.__retarget_lock_release_recursive
                0x08006042        0x2 C:/ST/STM32CubeIDE_1.19.0/STM32CubeIDE/plugins/com.st.stm32cube.ide.mcu.externaltools.gnu-tools-for-stm32.13.3.rel1.win32_1.0.0.202411081344/tools/bin/../lib/gcc/arm-none-eabi/13.3.1/../../../../arm-none-eabi/lib/thumb/v7e-m+fp/hard\libc_nano.a(libc_a-lock.o)
                0x08006042                __retarget_lock_release_recursive
 .text.memcpy   0x08006044       0x1c C:/ST/STM32CubeIDE_1.19.0/STM32CubeIDE/plugins/com.st.stm32cube.ide.mcu.externaltools.gnu-tools-for-stm32.13.3.rel1.win32_1.0.0.202411081344/tools/bin/../lib/gcc/arm-none-eabi/13.3.1/../../../../arm-none-eabi/lib/thumb/v7e-m+fp/hard\libc_nano.a(libc_a-memcpy-stub.o)
                0x08006044                memcpy
 *(.glue_7)
 .glue_7        0x08006060        0x0 linker stubs
 *(.glue_7t)
 .glue_7t       0x08006060        0x0 linker stubs
 *(.eh_frame)
 .eh_frame      0x08006060        0x0 C:/ST/STM32CubeIDE_1.19.0/STM32CubeIDE/plugins/com.st.stm32cube.ide.mcu.externaltools.gnu-tools-for-stm32.13.3.rel1.win32_1.0.0.202411081344/tools/bin/../lib/gcc/arm-none-eabi/13.3.1/thumb/v7e-m+fp/hard/crtbegin.o
 *(.init)
 .init          0x08006060        0x4 C:/ST/STM32CubeIDE_1.19.0/STM32CubeIDE/plugins/com.st.stm32cube.ide.mcu.externaltools.gnu-tools-for-stm32.13.3.rel1.win32_1.0.0.202411081344/tools/bin/../lib/gcc/arm-none-eabi/13.3.1/thumb/v7e-m+fp/hard/crti.o
                0x08006060                _init
 .init          0x08006064        0x8 C:/ST/STM32CubeIDE_1.19.0/STM32CubeIDE/plugins/com.st.stm32cube.ide.mcu.externaltools.gnu-tools-for-stm32.13.3.rel1.win32_1.0.0.202411081344/tools/bin/../lib/gcc/arm-none-eabi/13.3.1/thumb/v7e-m+fp/hard/crtn.o
 *(.fini)
 .fini          0x0800606c        0x4 C:/ST/STM32CubeIDE_1.19.0/STM32CubeIDE/plugins/com.st.stm32cube.ide.mcu.externaltools.gnu-tools-for-stm32.13.3.rel1.win32_1.0.0.202411081344/tools/bin/../lib/gcc/arm-none-eabi/13.3.1/thumb/v7e-m+fp/hard/crti.o
                0x0800606c                _fini
 .fini          0x08006070        0x8 C:/ST/STM32CubeIDE_1.19.0/STM32CubeIDE/plugins/com.st.stm32cube.ide.mcu.externaltools.gnu-tools-for-stm32.13.3.rel1.win32_1.0.0.202411081344/tools/bin/../lib/gcc/arm-none-eabi/13.3.1/thumb/v7e-m+fp/hard/crtn.o
                0x08006078                        . = ALIGN (0x4)
                0x08006078                        _etext = .

.vfp11_veneer   0x08006078        0x0
 .vfp11_veneer  0x08006078        0x0 linker stubs

.v4_bx          0x08006078        0x0
 .v4_bx         0x08006078        0x0 linker stubs

.iplt           0x08006078        0x0
 .iplt          0x08006078        0x0 C:/ST/STM32CubeIDE_1.19.0/STM32CubeIDE/plugins/com.st.stm32cube.ide.mcu.externaltools.gnu-tools-for-stm32.13.3.rel1.win32_1.0.0.202411081344/tools/bin/../lib/gcc/arm-none-eabi/13.3.1/thumb/v7e-m+fp/hard/crtbegin.o

.rodata         0x08006078       0x54
                0x08006078                        . = ALIGN (0x4)
 *(.rodata)
 .rodata        0x08006078        0x4 ./Core/Src/main.o
 .rodata        0x0800607c        0x8 ./Drivers/AD717x/ad717x.o
 *(.rodata*)
 .rodata.AHBPrescTable
                0x08006084       0x10 ./Core/Src/system_stm32l4xx.o
                0x08006084                AHBPrescTable
 .rodata.APBPrescTable
                0x08006094        0x8 ./Core/Src/system_stm32l4xx.o
                0x08006094                APBPrescTable
 .rodata.MSIRangeTable
                0x0800609c       0x30 ./Core/Src/system_stm32l4xx.o
                0x0800609c                MSIRangeTable
                0x080060cc                        . = ALIGN (0x4)

.ARM.extab      0x080060cc        0x0
                0x080060cc                        . = ALIGN (0x4)
 *(.ARM.extab* .gnu.linkonce.armextab.*)
                0x080060cc                        . = ALIGN (0x4)

.ARM            0x080060cc        0x8
                0x080060cc                        . = ALIGN (0x4)
                0x080060cc                        __exidx_start = .
 *(.ARM.exidx*)
 .ARM.exidx     0x080060cc        0x8 C:/ST/STM32CubeIDE_1.19.0/STM32CubeIDE/plugins/com.st.stm32cube.ide.mcu.externaltools.gnu-tools-for-stm32.13.3.rel1.win32_1.0.0.202411081344/tools/bin/../lib/gcc/arm-none-eabi/13.3.1/thumb/v7e-m+fp/hard\libgcc.a(_udivmoddi4.o)
                0x080060d4                        __exidx_end = .
                0x080060d4                        . = ALIGN (0x4)

.preinit_array  0x080060d4        0x0
                0x080060d4                        . = ALIGN (0x4)
                0x080060d4                        PROVIDE (__preinit_array_start = .)
 *(.preinit_array*)
                0x080060d4                        PROVIDE (__preinit_array_end = .)
                0x080060d4                        . = ALIGN (0x4)

.init_array     0x080060d4        0x4
                0x080060d4                        . = ALIGN (0x4)
                0x080060d4                        PROVIDE (__init_array_start = .)
 *(SORT_BY_NAME(.init_array.*))
 *(.init_array*)
 .init_array    0x080060d4        0x4 C:/ST/STM32CubeIDE_1.19.0/STM32CubeIDE/plugins/com.st.stm32cube.ide.mcu.externaltools.gnu-tools-for-stm32.13.3.rel1.win32_1.0.0.202411081344/tools/bin/../lib/gcc/arm-none-eabi/13.3.1/thumb/v7e-m+fp/hard/crtbegin.o
                0x080060d8                        PROVIDE (__init_array_end = .)
                0x080060d8                        . = ALIGN (0x4)

.fini_array     0x080060d8        0x4
                0x080060d8                        . = ALIGN (0x4)
                [!provide]                        PROVIDE (__fini_array_start = .)
 *(SORT_BY_NAME(.fini_array.*))
 *(.fini_array*)
 .fini_array    0x080060d8        0x4 C:/ST/STM32CubeIDE_1.19.0/STM32CubeIDE/plugins/com.st.stm32cube.ide.mcu.externaltools.gnu-tools-for-stm32.13.3.rel1.win32_1.0.0.202411081344/tools/bin/../lib/gcc/arm-none-eabi/13.3.1/thumb/v7e-m+fp/hard/crtbegin.o
                [!provide]                        PROVIDE (__fini_array_end = .)
                0x080060dc                        . = ALIGN (0x4)
                0x080060dc                        _sidata = LOADADDR (.data)

.rel.dyn        0x080060dc        0x0
 .rel.iplt      0x080060dc        0x0 C:/ST/STM32CubeIDE_1.19.0/STM32CubeIDE/plugins/com.st.stm32cube.ide.mcu.externaltools.gnu-tools-for-stm32.13.3.rel1.win32_1.0.0.202411081344/tools/bin/../lib/gcc/arm-none-eabi/13.3.1/thumb/v7e-m+fp/hard/crtbegin.o

.data           0x20000000      0x2f0 load address 0x080060dc
                0x20000000                        . = ALIGN (0x4)
                0x20000000                        _sdata = .
 *(.data)
 *(.data*)
 .data.ad7175_8_regs
                0x20000000      0x294 ./Core/Src/main.o
                0x20000000                ad7175_8_regs
 .data.SystemCoreClock
                0x20000294        0x4 ./Core/Src/system_stm32l4xx.o
                0x20000294                SystemCoreClock
 .data.uwTickPrio
                0x20000298        0x4 ./Drivers/STM32L4xx_HAL_Driver/Src/stm32l4xx_hal.o
                0x20000298                uwTickPrio
 .data.uwTickFreq
                0x2000029c        0x1 ./Drivers/STM32L4xx_HAL_Driver/Src/stm32l4xx_hal.o
                0x2000029c                uwTickFreq
 *fill*         0x2000029d        0x3 
 .data._impure_ptr
                0x200002a0        0x4 C:/ST/STM32CubeIDE_1.19.0/STM32CubeIDE/plugins/com.st.stm32cube.ide.mcu.externaltools.gnu-tools-for-stm32.13.3.rel1.win32_1.0.0.202411081344/tools/bin/../lib/gcc/arm-none-eabi/13.3.1/../../../../arm-none-eabi/lib/thumb/v7e-m+fp/hard\libc_nano.a(libc_a-impure.o)
                0x200002a0                _impure_ptr
 .data._impure_data
                0x200002a4       0x4c C:/ST/STM32CubeIDE_1.19.0/STM32CubeIDE/plugins/com.st.stm32cube.ide.mcu.externaltools.gnu-tools-for-stm32.13.3.rel1.win32_1.0.0.202411081344/tools/bin/../lib/gcc/arm-none-eabi/13.3.1/../../../../arm-none-eabi/lib/thumb/v7e-m+fp/hard\libc_nano.a(libc_a-impure.o)
                0x200002a4                _impure_data
 *(.RamFunc)
 *(.RamFunc*)
                0x200002f0                        . = ALIGN (0x4)
                0x200002f0                        _edata = .

.igot.plt       0x200002f0        0x0 load address 0x080063cc
 .igot.plt      0x200002f0        0x0 C:/ST/STM32CubeIDE_1.19.0/STM32CubeIDE/plugins/com.st.stm32cube.ide.mcu.externaltools.gnu-tools-for-stm32.13.3.rel1.win32_1.0.0.202411081344/tools/bin/../lib/gcc/arm-none-eabi/13.3.1/thumb/v7e-m+fp/hard/crtbegin.o
                0x200002f0                        . = ALIGN (0x4)

.bss            0x200002f0      0xfbc load address 0x080063cc
                0x200002f0                        _sbss = .
                0x200002f0                        __bss_start__ = _sbss
 *(.bss)
 .bss           0x200002f0       0x1c C:/ST/STM32CubeIDE_1.19.0/STM32CubeIDE/plugins/com.st.stm32cube.ide.mcu.externaltools.gnu-tools-for-stm32.13.3.rel1.win32_1.0.0.202411081344/tools/bin/../lib/gcc/arm-none-eabi/13.3.1/thumb/v7e-m+fp/hard/crtbegin.o
 *(.bss*)
 .bss.hspi1     0x2000030c       0x64 ./Core/Src/main.o
                0x2000030c                hspi1
 .bss.hspi3     0x20000370       0x64 ./Core/Src/main.o
                0x20000370                hspi3
 .bss.huart2    0x200003d4       0x88 ./Core/Src/main.o
                0x200003d4                huart2
 .bss.hdma_usart2_tx
                0x2000045c       0x48 ./Core/Src/main.o
                0x2000045c                hdma_usart2_tx
 .bss.adc       0x200004a4        0x4 ./Core/Src/main.o
                0x200004a4                adc
 .bss.PD_readings
                0x200004a8       0x14 ./Core/Src/main.o
                0x200004a8                PD_readings
 .bss.data      0x200004bc      0x3e8 ./Core/Src/main.o
                0x200004bc                data
 .bss.led_frame
                0x200008a4       0xd0 ./Core/Src/main.o
 .bss.tx_frame  0x20000974      0x7d8 ./Core/Src/main.o
 .bss.tx_len    0x2000114c        0x2 ./Core/Src/main.o
 .bss.tx_busy   0x2000114e        0x1 ./Core/Src/main.o
 *fill*         0x2000114f        0x1 
 .bss.adc_rx    0x20001150        0x4 ./Core/Src/main.o
 .bss.got_mask  0x20001154        0x1 ./Core/Src/main.o
 .bss.sample_cnt
                0x20001155        0x1 ./Core/Src/main.o
 *fill*         0x20001156        0x2 
 .bss.zeros     0x20001158        0x4 ./Core/Src/main.o
                0x20001158                zeros
 .bss.__sbrk_heap_end
                0x2000115c        0x4 ./Core/Src/sysmem.o
 .bss.uwTick    0x20001160        0x4 ./Drivers/STM32L4xx_HAL_Driver/Src/stm32l4xx_hal.o
                0x20001160                uwTick
 .bss.__malloc_sbrk_start
                0x20001164        0x4 C:/ST/STM32CubeIDE_1.19.0/STM32CubeIDE/plugins/com.st.stm32cube.ide.mcu.externaltools.gnu-tools-for-stm32.13.3.rel1.win32_1.0.0.202411081344/tools/bin/../lib/gcc/arm-none-eabi/13.3.1/../../../../arm-none-eabi/lib/thumb/v7e-m+fp/hard\libc_nano.a(libc_a-mallocr.o)
                0x20001164                __malloc_sbrk_start
 .bss.__malloc_free_list
                0x20001168        0x4 C:/ST/STM32CubeIDE_1.19.0/STM32CubeIDE/plugins/com.st.stm32cube.ide.mcu.externaltools.gnu-tools-for-stm32.13.3.rel1.win32_1.0.0.202411081344/tools/bin/../lib/gcc/arm-none-eabi/13.3.1/../../../../arm-none-eabi/lib/thumb/v7e-m+fp/hard\libc_nano.a(libc_a-mallocr.o)
                0x20001168                __malloc_free_list
 .bss.__sf      0x2000116c      0x138 C:/ST/STM32CubeIDE_1.19.0/STM32CubeIDE/plugins/com.st.stm32cube.ide.mcu.externaltools.gnu-tools-for-stm32.13.3.rel1.win32_1.0.0.202411081344/tools/bin/../lib/gcc/arm-none-eabi/13.3.1/../../../../arm-none-eabi/lib/thumb/v7e-m+fp/hard\libc_nano.a(libc_a-findfp.o)
                0x2000116c                __sf
 .bss.errno     0x200012a4        0x4 C:/ST/STM32CubeIDE_1.19.0/STM32CubeIDE/plugins/com.st.stm32cube.ide.mcu.externaltools.gnu-tools-for-stm32.13.3.rel1.win32_1.0.0.202411081344/tools/bin/../lib/gcc/arm-none-eabi/13.3.1/../../../../arm-none-eabi/lib/thumb/v7e-m+fp/hard\libc_nano.a(libc_a-reent.o)
                0x200012a4                errno
 .bss.__lock___malloc_recursive_mutex
                0x200012a8        0x1 C:/ST/STM32CubeIDE_1.19.0/STM32CubeIDE/plugins/com.st.stm32cube.ide.mcu.externaltools.gnu-tools-for-stm32.13.3.rel1.win32_1.0.0.202411081344/tools/bin/../lib/gcc/arm-none-eabi/13.3.1/../../../../arm-none-eabi/lib/thumb/v7e-m+fp/hard\libc_nano.a(libc_a-lock.o)
                0x200012a8                __lock___malloc_recursive_mutex
 *(COMMON)
                0x200012ac                        . = ALIGN (0x4)
 *fill*         0x200012a9        0x3 
                0x200012ac                        _ebss = .
                0x200012ac                        __bss_end__ = _ebss

._user_heap_stack
                0x200012ac      0x604 load address 0x080063cc
                0x200012b0                        . = ALIGN (0x8)
 *fill*         0x200012ac        0x4 
                [!provide]                        PROVIDE (end = .)
                0x200012b0                        PROVIDE (_end = .)
                0x200014b0                        . = (. + _Min_Heap_Size)
 *fill*         0x200012b0      0x200 
                0x200018b0                        . = (. + _Min_Stack_Size)
 *fill*         0x200014b0      0x400 
                0x200018b0                        . = ALIGN (0x8)

/DISCARD/
 libc.a(*)
 libm.a(*)
 libgcc.a(*)

.ARM.attributes
                0x00000000       0x30
 *(.ARM.attributes)
 .ARM.attributes
                0x00000000       0x22 C:/ST/STM32CubeIDE_1.19.0/STM32CubeIDE/plugins/com.st.stm32cube.ide.mcu.externaltools.gnu-tools-for-stm32.13.3.rel1.win32_1.0.0.202411081344/tools/bin/../lib/gcc/arm-none-eabi/13.3.1/thumb/v7e-m+fp/hard/crti.o
 .ARM.attributes
                0x00000022       0x34 C:/ST/STM32CubeIDE_1.19.0/STM32CubeIDE/plugins/com.st.stm32cube.ide.mcu.externaltools.gnu-tools-for-stm32.13.3.rel1.win32_1.0.0.202411081344/tools/bin/../lib/gcc/arm-none-eabi/13.3.1/thumb/v7e-m+fp/hard/crtbegin.o
 .ARM.attributes
                0x00000056       0x34 ./Core/Src/main.o
 .ARM.attributes
                0x0000008a       0x34 ./Core/Src/stm32l4xx_hal_msp.o
 .ARM.attributes
                0x000000be       0x34 ./Core/Src/stm32l4xx_it.o
 .ARM.attributes
                0x000000f2       0x34 ./Core/Src/sysmem.o
 .ARM.attributes
                0x00000126       0x34 ./Core/Src/system_stm32l4xx.o
 .ARM.attributes
                0x0000015a       0x21 ./Core/Startup/startup_stm32l432kcux.o
 .ARM.attributes
                0x0000017b       0x34 ./Drivers/AD717x/ad717x.o
 .ARM.attributes
                0x000001af       0x34 ./Drivers/AD717x/no_os_alloc.o
 .ARM.attributes
                0x000001e3       0x34 ./Drivers/AD717x/no_os_spi.o
 .ARM.attributes
                0x00000217       0x34 ./Drivers/STM32L4xx_HAL_Driver/Src/stm32l4xx_hal.o
 .ARM.attributes
                0x0000024b       0x34 ./Drivers/STM32L4xx_HAL_Driver/Src/stm32l4xx_hal_cortex.o
 .ARM.attributes
                0x0000027f       0x34 ./Drivers/STM32L4xx_HAL_Driver/Src/stm32l4xx_hal_dma.o
 .ARM.attributes
                0x000002b3       0x34 ./Drivers/STM32L4xx_HAL_Driver/Src/stm32l4xx_hal_gpio.o
 .ARM.attributes
                0x000002e7       0x34 ./Drivers/STM32L4xx_HAL_Driver/Src/stm32l4xx_hal_pwr_ex.o
 .ARM.attributes
                0x0000031b       0x34 ./Drivers/STM32L4xx_HAL_Driver/Src/stm32l4xx_hal_rcc.o
 .ARM.attributes
                0x0000034f       0x34 ./Drivers/STM32L4xx_HAL_Driver/Src/stm32l4xx_hal_rcc_ex.o
 .ARM.attributes
                0x00000383       0x34 ./Drivers/STM32L4xx_HAL_Driver/Src/stm32l4xx_hal_spi.o
 .ARM.attributes
                0x000003b7       0x34 ./Drivers/STM32L4xx_HAL_Driver/Src/stm32l4xx_hal_uart.o
 .ARM.attributes
                0x000003eb       0x34 ./Drivers/STM32L4xx_HAL_Driver/Src/stm32l4xx_hal_uart_ex.o
 .ARM.attributes
                0x0000041f       0x34 C:/ST/STM32CubeIDE_1.19.0/STM32CubeIDE/plugins/com.st.stm32cube.ide.mcu.externaltools.gnu-tools-for-stm32.13.3.rel1.win32_1.0.0.202411081344/tools/bin/../lib/gcc/arm-none-eabi/13.3.1/../../../../arm-none-eabi/lib/thumb/v7e-m+fp/hard\libc_nano.a(libc_a-malloc.o)
 .ARM.attributes
                0x00000453       0x34 C:/ST/STM32CubeIDE_1.19.0/STM32CubeIDE/plugins/com.st.stm32cube.ide.mcu.externaltools.gnu-tools-for-stm32.13.3.rel1.win32_1.0.0.202411081344/tools/bin/../lib/gcc/arm-none-eabi/13.3.1/../../../../arm-none-eabi/lib/thumb/v7e-m+fp/hard\libc_nano.a(libc_a-mallocr.o)
 .ARM.attributes
                0x00000487       0x34 C:/ST/STM32CubeIDE_1.19.0/STM32CubeIDE/plugins/com.st.stm32cube.ide.mcu.externaltools.gnu-tools-for-stm32.13.3.rel1.win32_1.0.0.202411081344/tools/bin/../lib/gcc/arm-none-eabi/13.3.1/../../../../arm-none-eabi/lib/thumb/v7e-m+fp/hard\libc_nano.a(libc_a-mlock.o)
 .ARM.attributes
                0x000004bb       0x34 C:/ST/STM32CubeIDE_1.19.0/STM32CubeIDE/plugins/com.st.stm32cube.ide.mcu.externaltools.gnu-tools-for-stm32.13.3.rel1.win32_1.0.0.202411081344/tools/bin/../lib/gcc/arm-none-eabi/13.3.1/../../../../arm-none-eabi/lib/thumb/v7e-m+fp/hard\libc_nano.a(libc_a-findfp.o)
 .ARM.attributes
                0x000004ef       0x34 C:/ST/STM32CubeIDE_1.19.0/STM32CubeIDE/plugins/com.st.stm32cube.ide.mcu.externaltools.gnu-tools-for-stm32.13.3.rel1.win32_1.0.0.202411081344/tools/bin/../lib/gcc/arm-none-eabi/13.3.1/../../../../arm-none-eabi/lib/thumb/v7e-m+fp/hard\libc_nano.a(libc_a-memset.o)
 .ARM.attributes
                0x00000523       0x34 C:/ST/STM32CubeIDE_1.19.0/STM32CubeIDE/plugins/com.st.stm32cube.ide.mcu.externaltools.gnu-tools-for-stm32.13.3.rel1.win32_1.0.0.202411081344/tools/bin/../lib/gcc/arm-none-eabi/13.3.1/../../../../arm-none-eabi/lib/thumb/v7e-m+fp/hard\libc_nano.a(libc_a-reent.o)
 .ARM.attributes
                0x00000557       0x34 C:/ST/STM32CubeIDE_1.19.0/STM32CubeIDE/plugins/com.st.stm32cube.ide.mcu.externaltools.gnu-tools-for-stm32.13.3.rel1.win32_1.0.0.202411081344/tools/bin/../lib/gcc/arm-none-eabi/13.3.1/../../../../arm-none-eabi/lib/thumb/v7e-m+fp/hard\libc_nano.a(libc_a-impure.o)
 .ARM.attributes
                0x0000058b       0x34 C:/ST/STM32CubeIDE_1.19.0/STM32CubeIDE/plugins/com.st.stm32cube.ide.mcu.externaltools.gnu-tools-for-stm32.13.3.rel1.win32_1.0.0.202411081344/tools/bin/../lib/gcc/arm-none-eabi/13.3.1/../../../../arm-none-eabi/lib/thumb/v7e-m+fp/hard\libc_nano.a(libc_a-sbrkr.o)
 .ARM.attributes
                0x000005bf       0x34 C:/ST/STM32CubeIDE_1.19.0/STM32CubeIDE/plugins/com.st.stm32cube.ide.mcu.externaltools.gnu-tools-for-stm32.13.3.rel1.win32_1.0.0.202411081344/tools/bin/../lib/gcc/arm-none-eabi/13.3.1/../../../../arm-none-eabi/lib/thumb/v7e-m+fp/hard\libc_nano.a(libc_a-errno.o)
 .ARM.attributes
                0x000005f3       0x34 C:/ST/STM32CubeIDE_1.19.0/STM32CubeIDE/plugins/com.st.stm32cube.ide.mcu.externaltools.gnu-tools-for-stm32.13.3.rel1.win32_1.0.0.202411081344/tools/bin/../lib/gcc/arm-none-eabi/13.3.1/../../../../arm-none-eabi/lib/thumb/v7e-m+fp/hard\libc_nano.a(libc_a-init.o)
 .ARM.attributes
                0x00000627       0x34 C:/ST/STM32CubeIDE_1.19.0/STM32CubeIDE/plugins/com.st.stm32cube.ide.mcu.externaltools.gnu-tools-for-stm32.13.3.rel1.win32_1.0.0.202411081344/tools/bin/../lib/gcc/arm-none-eabi/13.3.1/../../../../arm-none-eabi/lib/thumb/v7e-m+fp/hard\libc_nano.a(libc_a-lock.o)
 .ARM.attributes
                0x0000065b       0x34 C:/ST/STM32CubeIDE_1.19.0/STM32CubeIDE/plugins/com.st.stm32cube.ide.mcu.externaltools.gnu-tools-for-stm32.13.3.rel1.win32_1.0.0.202411081344/tools/bin/../lib/gcc/arm-none-eabi/13.3.1/../../../../arm-none-eabi/lib/thumb/v7e-m+fp/hard\libc_nano.a(libc_a-memcpy-stub.o)
 .ARM.attributes
                0x0000068f       0x22 C:/ST/STM32CubeIDE_1.19.0/STM32CubeIDE/plugins/com.st.stm32cube.ide.mcu.externaltools.gnu-tools-for-stm32.13.3.rel1.win32_1.0.0.202411081344/tools/bin/../lib/gcc/arm-none-eabi/13.3.1/thumb/v7e-m+fp/hard\libgcc.a(_aeabi_uldivmod.o)
 .ARM.attributes
                0x000006b1       0x34 C:/ST/STM32CubeIDE_1.19.0/STM32CubeIDE/plugins/com.st.stm32cube.ide.mcu.externaltools.gnu-tools-for-stm32.13.3.rel1.win32_1.0.0.202411081344/tools/bin/../lib/gcc/arm-none-eabi/13.3.1/thumb/v7e-m+fp/hard\libgcc.a(_udivmoddi4.o)
 .ARM.attributes
                0x000006e5       0x22 C:/ST/STM32CubeIDE_1.19.0/STM32CubeIDE/plugins/com.st.stm32cube.ide.mcu.externaltools.gnu-tools-for-stm32.13.3.rel1.win32_1.0.0.202411081344/tools/bin/../lib/gcc/arm-none-eabi/13.3.1/thumb/v7e-m+fp/hard\libgcc.a(_dvmd_tls.o)
 .ARM.attributes
                0x00000707       0x22 C:/ST/STM32CubeIDE_1.19.0/STM32CubeIDE/plugins/com.st.stm32cube.ide.mcu.externaltools.gnu-tools-for-stm32.13.3.rel1.win32_1.0.0.202411081344/tools/bin/../lib/gcc/arm-none-eabi/13.3.1/thumb/v7e-m+fp/hard/crtn.o
OUTPUT(Optical_Tomography.elf elf32-littlearm)
LOAD linker stubs
LOAD C:/ST/STM32CubeIDE_1.19.0/STM32CubeIDE/plugins/com.st.stm32cube.ide.mcu.externaltools.gnu-tools-for-stm32.13.3.rel1.win32_1.0.0.202411081344/tools/bin/../lib/gcc/arm-none-eabi/13.3.1/../../../../arm-none-eabi/lib/thumb/v7e-m+fp/hard\libc.a
LOAD C:/ST/STM32CubeIDE_1.19.0/STM32CubeIDE/plugins/com.st.stm32cube.ide.mcu.externaltools.gnu-tools-for-stm32.13.3.rel1.win32_1.0.0.202411081344/tools/bin/../lib/gcc/arm-none-eabi/13.3.1/../../../../arm-none-eabi/lib/thumb/v7e-m+fp/hard\libm.a
LOAD C:/ST/STM32CubeIDE_1.19.0/STM32CubeIDE/plugins/com.st.stm32cube.ide.mcu.externaltools.gnu-tools-for-stm32.13.3.rel1.win32_1.0.0.202411081344/tools/bin/../lib/gcc/arm-none-eabi/13.3.1/thumb/v7e-m+fp/hard\libgcc.a

.debug_info     0x00000000    0x10aa4
 .debug_info    0x00000000     0x2312 ./Core/Src/main.o
 .debug_info    0x00002312     0x11d3 ./Core/Src/stm32l4xx_hal_msp.o
 .debug_info    0x000034e5      0x78d ./Core/Src/stm32l4xx_it.o
 .debug_info    0x00003c72      0x168 ./Core/Src/sysmem.o
 .debug_info    0x00003dda      0x5bf ./Core/Src/system_stm32l4xx.o
 .debug_info    0x00004399       0x30 ./Core/Startup/startup_stm32l432kcux.o
 .debug_info    0x000043c9     0x15d6 ./Drivers/AD717x/ad717x.o
 .debug_info    0x0000599f      0x14e ./Drivers/AD717x/no_os_alloc.o
 .debug_info    0x00005aed      0x844 ./Drivers/AD717x/no_os_spi.o
 .debug_info    0x00006331      0x99e ./Drivers/STM32L4xx_HAL_Driver/Src/stm32l4xx_hal.o
 .debug_info    0x00006ccf      0xd03 ./Drivers/STM32L4xx_HAL_Driver/Src/stm32l4xx_hal_cortex.o
 .debug_info    0x000079d2      0x6f4 ./Drivers/STM32L4xx_HAL_Driver/Src/stm32l4xx_hal_dma.o
 .debug_info    0x000080c6      0x757 ./Drivers/STM32L4xx_HAL_Driver/Src/stm32l4xx_hal_gpio.o
 .debug_info    0x0000881d      0x920 ./Drivers/STM32L4xx_HAL_Driver/Src/stm32l4xx_hal_pwr_ex.o
 .debug_info    0x0000913d      0xbc3 ./Drivers/STM32L4xx_HAL_Driver/Src/stm32l4xx_hal_rcc.o
 .debug_info    0x00009d00      0xee5 ./Drivers/STM32L4xx_HAL_Driver/Src/stm32l4xx_hal_rcc_ex.o
 .debug_info    0x0000abe5     0x1549 ./Drivers/STM32L4xx_HAL_Driver/Src/stm32l4xx_hal_spi.o
 .debug_info    0x0000c12e     0x3b77 ./Drivers/STM32L4xx_HAL_Driver/Src/stm32l4xx_hal_uart.o
 .debug_info    0x0000fca5      0xdff ./Drivers/STM32L4xx_HAL_Driver/Src/stm32l4xx_hal_uart_ex.o

.debug_abbrev   0x00000000     0x277f
 .debug_abbrev  0x00000000      0x482 ./Core/Src/main.o
 .debug_abbrev  0x00000482      0x219 ./Core/Src/stm32l4xx_hal_msp.o
 .debug_abbrev  0x0000069b      0x173 ./Core/Src/stm32l4xx_it.o
 .debug_abbrev  0x0000080e       0xbc ./Core/Src/sysmem.o
 .debug_abbrev  0x000008ca      0x11a ./Core/Src/system_stm32l4xx.o
 .debug_abbrev  0x000009e4       0x24 ./Core/Startup/startup_stm32l432kcux.o
 .debug_abbrev  0x00000a08      0x295 ./Drivers/AD717x/ad717x.o
 .debug_abbrev  0x00000c9d       0xed ./Drivers/AD717x/no_os_alloc.o
 .debug_abbrev  0x00000d8a      0x1b2 ./Drivers/AD717x/no_os_spi.o
 .debug_abbrev  0x00000f3c      0x225 ./Drivers/STM32L4xx_HAL_Driver/Src/stm32l4xx_hal.o
 .debug_abbrev  0x00001161      0x31c ./Drivers/STM32L4xx_HAL_Driver/Src/stm32l4xx_hal_cortex.o
 .debug_abbrev  0x0000147d      0x1e4 ./Drivers/STM32L4xx_HAL_Driver/Src/stm32l4xx_hal_dma.o
 .debug_abbrev  0x00001661      0x1cb ./Drivers/STM32L4xx_HAL_Driver/Src/stm32l4xx_hal_gpio.o
 .debug_abbrev  0x0000182c      0x1f9 ./Drivers/STM32L4xx_HAL_Driver/Src/stm32l4xx_hal_pwr_ex.o
 .debug_abbrev  0x00001a25      0x2cb ./Drivers/STM32L4xx_HAL_Driver/Src/stm32l4xx_hal_rcc.o
 .debug_abbrev  0x00001cf0      0x2a1 ./Drivers/STM32L4xx_HAL_Driver/Src/stm32l4xx_hal_rcc_ex.o
 .debug_abbrev  0x00001f91      0x260 ./Drivers/STM32L4xx_HAL_Driver/Src/stm32l4xx_hal_spi.o
 .debug_abbrev  0x000021f1      0x2d0 ./Drivers/STM32L4xx_HAL_Driver/Src/stm32l4xx_hal_uart.o
 .debug_abbrev  0x000024c1      0x2be ./Drivers/STM32L4xx_HAL_Driver/Src/stm32l4xx_hal_uart_ex.o

.debug_aranges  0x00000000      0xd68
 .debug_aranges
                0x00000000       0xe8 ./Core/Src/main.o
 .debug_aranges
                0x000000e8       0x40 ./Core/Src/stm32l4xx_hal_msp.o
 .debug_aranges
                0x00000128       0x80 ./Core/Src/stm32l4xx_it.o
 .debug_aranges
                0x000001a8       0x20 ./Core/Src/sysmem.o
 .debug_aranges
                0x000001c8       0x28 ./Core/Src/system_stm32l4xx.o
 .debug_aranges
                0x000001f0       0x28 ./Core/Startup/startup_stm32l432kcux.o
 .debug_aranges
                0x00000218       0xc0 ./Drivers/AD717x/ad717x.o
 .debug_aranges
                0x000002d8       0x30 ./Drivers/AD717x/no_os_alloc.o
 .debug_aranges
                0x00000308       0x30 ./Drivers/AD717x/no_os_spi.o
 .debug_aranges
                0x00000338      0x108 ./Drivers/STM32L4xx_HAL_Driver/Src/stm32l4xx_hal.o
 .debug_aranges
                0x00000440      0x128 ./Drivers/STM32L4xx_HAL_Driver/Src/stm32l4xx_hal_cortex.o
 .debug_aranges
                0x00000568       0x80 ./Drivers/STM32L4xx_HAL_Driver/Src/stm32l4xx_hal_dma.o
 .debug_aranges
                0x000005e8       0x58 ./Drivers/STM32L4xx_HAL_Driver/Src/stm32l4xx_hal_gpio.o
 .debug_aranges
                0x00000640      0x128 ./Drivers/STM32L4xx_HAL_Driver/Src/stm32l4xx_hal_pwr_ex.o
 .debug_aranges
                0x00000768       0x90 ./Drivers/STM32L4xx_HAL_Driver/Src/stm32l4xx_hal_rcc.o
 .debug_aranges
                0x000007f8       0xf0 ./Drivers/STM32L4xx_HAL_Driver/Src/stm32l4xx_hal_rcc_ex.o
 .debug_aranges
                0x000008e8      0x1d8 ./Drivers/STM32L4xx_HAL_Driver/Src/stm32l4xx_hal_spi.o
 .debug_aranges
                0x00000ac0      0x228 ./Drivers/STM32L4xx_HAL_Driver/Src/stm32l4xx_hal_uart.o
 .debug_aranges
                0x00000ce8       0x80 ./Drivers/STM32L4xx_HAL_Driver/Src/stm32l4xx_hal_uart_ex.o

.debug_rnglists
                0x00000000      0xa4c
 .debug_rnglists
                0x00000000       0xaf ./Core/Src/main.o
 .debug_rnglists
                0x000000af       0x2d ./Core/Src/stm32l4xx_hal_msp.o
 .debug_rnglists
                0x000000dc       0x5b ./Core/Src/stm32l4xx_it.o
 .debug_rnglists
                0x00000137       0x13 ./Core/Src/sysmem.o
 .debug_rnglists
                0x0000014a       0x1a ./Core/Src/system_stm32l4xx.o
 .debug_rnglists
                0x00000164       0x19 ./Core/Startup/startup_stm32l432kcux.o
 .debug_rnglists
                0x0000017d       0x99 ./Drivers/AD717x/ad717x.o
 .debug_rnglists
                0x00000216       0x1f ./Drivers/AD717x/no_os_alloc.o
 .debug_rnglists
                0x00000235       0x20 ./Drivers/AD717x/no_os_spi.o
 .debug_rnglists
                0x00000255       0xc1 ./Drivers/STM32L4xx_HAL_Driver/Src/stm32l4xx_hal.o
 .debug_rnglists
                0x00000316       0xda ./Drivers/STM32L4xx_HAL_Driver/Src/stm32l4xx_hal_cortex.o
 .debug_rnglists
                0x000003f0       0x64 ./Drivers/STM32L4xx_HAL_Driver/Src/stm32l4xx_hal_dma.o
 .debug_rnglists
                0x00000454       0x3f ./Drivers/STM32L4xx_HAL_Driver/Src/stm32l4xx_hal_gpio.o
 .debug_rnglists
                0x00000493       0xdf ./Drivers/STM32L4xx_HAL_Driver/Src/stm32l4xx_hal_pwr_ex.o
 .debug_rnglists
                0x00000572       0x6d ./Drivers/STM32L4xx_HAL_Driver/Src/stm32l4xx_hal_rcc.o
 .debug_rnglists
                0x000005df       0xba ./Drivers/STM32L4xx_HAL_Driver/Src/stm32l4xx_hal_rcc_ex.o
 .debug_rnglists
                0x00000699      0x178 ./Drivers/STM32L4xx_HAL_Driver/Src/stm32l4xx_hal_spi.o
 .debug_rnglists
                0x00000811      0x1db ./Drivers/STM32L4xx_HAL_Driver/Src/stm32l4xx_hal_uart.o
 .debug_rnglists
                0x000009ec       0x60 ./Drivers/STM32L4xx_HAL_Driver/Src/stm32l4xx_hal_uart_ex.o

.debug_macro    0x00000000    0x217c5
 .debug_macro   0x00000000      0x368 ./Core/Src/main.o
 .debug_macro   0x00000368      0xad8 ./Core/Src/main.o
 .debug_macro   0x00000e40      0x1a7 ./Core/Src/main.o
 .debug_macro   0x00000fe7       0x2e ./Core/Src/main.o
 .debug_macro   0x00001015       0x28 ./Core/Src/main.o
 .debug_macro   0x0000103d       0x22 ./Core/Src/main.o
 .debug_macro   0x0000105f       0x8e ./Core/Src/main.o
 .debug_macro   0x000010ed       0x51 ./Core/Src/main.o
 .debug_macro   0x0000113e      0x103 ./Core/Src/main.o
 .debug_macro   0x00001241       0x6a ./Core/Src/main.o
 .debug_macro   0x000012ab      0x1df ./Core/Src/main.o
 .debug_macro   0x0000148a       0x1c ./Core/Src/main.o
 .debug_macro   0x000014a6       0x22 ./Core/Src/main.o
 .debug_macro   0x000014c8       0xfb ./Core/Src/main.o
 .debug_macro   0x000015c3     0x1011 ./Core/Src/main.o
 .debug_macro   0x000025d4      0x11f ./Core/Src/main.o
 .debug_macro   0x000026f3    0x147a6 ./Core/Src/main.o
 .debug_macro   0x00016e99       0x6d ./Core/Src/main.o
 .debug_macro   0x00016f06     0x38fb ./Core/Src/main.o
 .debug_macro   0x0001a801      0x190 ./Core/Src/main.o
 .debug_macro   0x0001a991       0x5c ./Core/Src/main.o
 .debug_macro   0x0001a9ed     0x11ca ./Core/Src/main.o
 .debug_macro   0x0001bbb7      0x53c ./Core/Src/main.o
 .debug_macro   0x0001c0f3      0x1b9 ./Core/Src/main.o
 .debug_macro   0x0001c2ac      0x122 ./Core/Src/main.o
 .debug_macro   0x0001c3ce      0x26b ./Core/Src/main.o
 .debug_macro   0x0001c639      0x23d ./Core/Src/main.o
 .debug_macro   0x0001c876      0x241 ./Core/Src/main.o
 .debug_macro   0x0001cab7      0x375 ./Core/Src/main.o
 .debug_macro   0x0001ce2c       0xd6 ./Core/Src/main.o
 .debug_macro   0x0001cf02      0x122 ./Core/Src/main.o
 .debug_macro   0x0001d024      0x356 ./Core/Src/main.o
 .debug_macro   0x0001d37a      0x2fe ./Core/Src/main.o
 .debug_macro   0x0001d678      0x5cf ./Core/Src/main.o
 .debug_macro   0x0001dc47       0x44 ./Core/Src/main.o
 .debug_macro   0x0001dc8b      0x220 ./Core/Src/main.o
 .debug_macro   0x0001deab       0x7c ./Core/Src/main.o
 .debug_macro   0x0001df27       0x1c ./Core/Src/main.o
 .debug_macro   0x0001df43       0x2a ./Core/Src/main.o
 .debug_macro   0x0001df6d       0x61 ./Core/Src/main.o
 .debug_macro   0x0001dfce       0x43 ./Core/Src/main.o
 .debug_macro   0x0001e011       0x34 ./Core/Src/main.o
 .debug_macro   0x0001e045       0x16 ./Core/Src/main.o
 .debug_macro   0x0001e05b       0x3c ./Core/Src/main.o
 .debug_macro   0x0001e097      0x370 ./Core/Src/main.o
 .debug_macro   0x0001e407       0x16 ./Core/Src/main.o
 .debug_macro   0x0001e41d       0x4a ./Core/Src/main.o
 .debug_macro   0x0001e467       0x34 ./Core/Src/main.o
 .debug_macro   0x0001e49b       0x10 ./Core/Src/main.o
 .debug_macro   0x0001e4ab       0x58 ./Core/Src/main.o
 .debug_macro   0x0001e503       0x8e ./Core/Src/main.o
 .debug_macro   0x0001e591       0x1c ./Core/Src/main.o
 .debug_macro   0x0001e5ad      0x185 ./Core/Src/main.o
 .debug_macro   0x0001e732       0x16 ./Core/Src/main.o
 .debug_macro   0x0001e748       0x29 ./Core/Src/main.o
 .debug_macro   0x0001e771       0x22 ./Core/Src/main.o
 .debug_macro   0x0001e793       0xb8 ./Core/Src/main.o
 .debug_macro   0x0001e84b      0x42a ./Core/Src/main.o
 .debug_macro   0x0001ec75       0x16 ./Core/Src/main.o
 .debug_macro   0x0001ec8b       0x20 ./Core/Src/main.o
 .debug_macro   0x0001ecab       0x10 ./Core/Src/main.o
 .debug_macro   0x0001ecbb      0x242 ./Core/Src/main.o
 .debug_macro   0x0001eefd       0x1c ./Core/Src/main.o
 .debug_macro   0x0001ef19       0x10 ./Core/Src/main.o
 .debug_macro   0x0001ef29       0x1c ./Core/Src/main.o
 .debug_macro   0x0001ef45       0x16 ./Core/Src/main.o
 .debug_macro   0x0001ef5b      0x146 ./Core/Src/main.o
 .debug_macro   0x0001f0a1      0x1d0 ./Core/Src/stm32l4xx_hal_msp.o
 .debug_macro   0x0001f271      0x1da ./Core/Src/stm32l4xx_it.o
 .debug_macro   0x0001f44b      0x112 ./Core/Src/sysmem.o
 .debug_macro   0x0001f55d      0x23c ./Core/Src/sysmem.o
 .debug_macro   0x0001f799      0x1c1 ./Core/Src/system_stm32l4xx.o
 .debug_macro   0x0001f95a      0x32e ./Drivers/AD717x/ad717x.o
 .debug_macro   0x0001fc88      0x11c ./Drivers/AD717x/ad717x.o
 .debug_macro   0x0001fda4       0x9b ./Drivers/AD717x/ad717x.o
 .debug_macro   0x0001fe3f       0x56 ./Drivers/AD717x/ad717x.o
 .debug_macro   0x0001fe95       0x16 ./Drivers/AD717x/ad717x.o
 .debug_macro   0x0001feab       0x28 ./Drivers/AD717x/ad717x.o
 .debug_macro   0x0001fed3      0x190 ./Drivers/AD717x/no_os_alloc.o
 .debug_macro   0x00020063       0x16 ./Drivers/AD717x/no_os_alloc.o
 .debug_macro   0x00020079       0x9e ./Drivers/AD717x/no_os_alloc.o
 .debug_macro   0x00020117      0x112 ./Drivers/AD717x/no_os_alloc.o
 .debug_macro   0x00020229       0x16 ./Drivers/AD717x/no_os_alloc.o
 .debug_macro   0x0002023f      0x2de ./Drivers/AD717x/no_os_spi.o
 .debug_macro   0x0002051d      0x209 ./Drivers/STM32L4xx_HAL_Driver/Src/stm32l4xx_hal.o
 .debug_macro   0x00020726      0x1c1 ./Drivers/STM32L4xx_HAL_Driver/Src/stm32l4xx_hal_cortex.o
 .debug_macro   0x000208e7      0x1c1 ./Drivers/STM32L4xx_HAL_Driver/Src/stm32l4xx_hal_dma.o
 .debug_macro   0x00020aa8      0x1c8 ./Drivers/STM32L4xx_HAL_Driver/Src/stm32l4xx_hal_gpio.o
 .debug_macro   0x00020c70      0x1e5 ./Drivers/STM32L4xx_HAL_Driver/Src/stm32l4xx_hal_pwr_ex.o
 .debug_macro   0x00020e55      0x203 ./Drivers/STM32L4xx_HAL_Driver/Src/stm32l4xx_hal_rcc.o
 .debug_macro   0x00021058      0x1f7 ./Drivers/STM32L4xx_HAL_Driver/Src/stm32l4xx_hal_rcc_ex.o
 .debug_macro   0x0002124f      0x1c9 ./Drivers/STM32L4xx_HAL_Driver/Src/stm32l4xx_hal_spi.o
 .debug_macro   0x00021418      0x1ec ./Drivers/STM32L4xx_HAL_Driver/Src/stm32l4xx_hal_uart.o
 .debug_macro   0x00021604      0x1c1 ./Drivers/STM32L4xx_HAL_Driver/Src/stm32l4xx_hal_uart_ex.o

.debug_line     0x00000000    0x1090d
 .debug_line    0x00000000      0xfd5 ./Core/Src/main.o
 .debug_line    0x00000fd5      0x867 ./Core/Src/stm32l4xx_hal_msp.o
 .debug_line    0x0000183c      0x856 ./Core/Src/stm32l4xx_it.o
 .debug_line    0x00002092      0x588 ./Core/Src/sysmem.o
 .debug_line    0x0000261a      0x7e5 ./Core/Src/system_stm32l4xx.o
 .debug_line    0x00002dff       0x7a ./Core/Startup/startup_stm32l432kcux.o
 .debug_line    0x00002e79     0x117b ./Drivers/AD717x/ad717x.o
 .debug_line    0x00003ff4      0x5f4 ./Drivers/AD717x/no_os_alloc.o
 .debug_line    0x000045e8      0x9a4 ./Drivers/AD717x/no_os_spi.o
 .debug_line    0x00004f8c      0xab2 ./Drivers/STM32L4xx_HAL_Driver/Src/stm32l4xx_hal.o
 .debug_line    0x00005a3e      0xce8 ./Drivers/STM32L4xx_HAL_Driver/Src/stm32l4xx_hal_cortex.o
 .debug_line    0x00006726      0xd27 ./Drivers/STM32L4xx_HAL_Driver/Src/stm32l4xx_hal_dma.o
 .debug_line    0x0000744d      0xb24 ./Drivers/STM32L4xx_HAL_Driver/Src/stm32l4xx_hal_gpio.o
 .debug_line    0x00007f71      0xc36 ./Drivers/STM32L4xx_HAL_Driver/Src/stm32l4xx_hal_pwr_ex.o
 .debug_line    0x00008ba7     0x10f0 ./Drivers/STM32L4xx_HAL_Driver/Src/stm32l4xx_hal_rcc.o
 .debug_line    0x00009c97     0x1371 ./Drivers/STM32L4xx_HAL_Driver/Src/stm32l4xx_hal_rcc_ex.o
 .debug_line    0x0000b008     0x202d ./Drivers/STM32L4xx_HAL_Driver/Src/stm32l4xx_hal_spi.o
 .debug_line    0x0000d035     0x2cf4 ./Drivers/STM32L4xx_HAL_Driver/Src/stm32l4xx_hal_uart.o
 .debug_line    0x0000fd29      0xbe4 ./Drivers/STM32L4xx_HAL_Driver/Src/stm32l4xx_hal_uart_ex.o

.debug_str      0x00000000    0xc4087
 .debug_str     0x00000000    0xc4087 ./Core/Src/main.o
                              0xc134a (size before relaxing)
 .debug_str     0x000c4087    0xbaf6c ./Core/Src/stm32l4xx_hal_msp.o
 .debug_str     0x000c4087    0xba6df ./Core/Src/stm32l4xx_it.o
 .debug_str     0x000c4087     0x776f ./Core/Src/sysmem.o
 .debug_str     0x000c4087    0xba19b ./Core/Src/system_stm32l4xx.o
 .debug_str     0x000c4087       0x71 ./Core/Startup/startup_stm32l432kcux.o
 .debug_str     0x000c4087    0xc082c ./Drivers/AD717x/ad717x.o
 .debug_str     0x000c4087     0x821e ./Drivers/AD717x/no_os_alloc.o
 .debug_str     0x000c4087    0xbdbfd ./Drivers/AD717x/no_os_spi.o
 .debug_str     0x000c4087    0xbab28 ./Drivers/STM32L4xx_HAL_Driver/Src/stm32l4xx_hal.o
 .debug_str     0x000c4087    0xba8fb ./Drivers/STM32L4xx_HAL_Driver/Src/stm32l4xx_hal_cortex.o
 .debug_str     0x000c4087    0xba402 ./Drivers/STM32L4xx_HAL_Driver/Src/stm32l4xx_hal_dma.o
 .debug_str     0x000c4087    0xba30f ./Drivers/STM32L4xx_HAL_Driver/Src/stm32l4xx_hal_gpio.o
 .debug_str     0x000c4087    0xba643 ./Drivers/STM32L4xx_HAL_Driver/Src/stm32l4xx_hal_pwr_ex.o
 .debug_str     0x000c4087    0xba79b ./Drivers/STM32L4xx_HAL_Driver/Src/stm32l4xx_hal_rcc.o
 .debug_str     0x000c4087    0xba9fb ./Drivers/STM32L4xx_HAL_Driver/Src/stm32l4xx_hal_rcc_ex.o
 .debug_str     0x000c4087    0xba9b3 ./Drivers/STM32L4xx_HAL_Driver/Src/stm32l4xx_hal_spi.o
 .debug_str     0x000c4087    0xbaef3 ./Drivers/STM32L4xx_HAL_Driver/Src/stm32l4xx_hal_uart.o
 .debug_str     0x000c4087    0xba71c ./Drivers/STM32L4xx_HAL_Driver/Src/stm32l4xx_hal_uart_ex.o

.comment        0x00000000       0x43
 .comment       0x00000000       0x43 ./Core/Src/main.o
                                 0x44 (size before relaxing)
 .comment       0x00000043       0x44 ./Core/Src/stm32l4xx_hal_msp.o
 .comment       0x00000043       0x44 ./Core/Src/stm32l4xx_it.o
 .comment       0x00000043       0x44 ./Core/Src/sysmem.o
 .comment       0x00000043       0x44 ./Core/Src/system_stm32l4xx.o
 .comment       0x00000043       0x44 ./Drivers/AD717x/ad717x.o
 .comment       0x00000043       0x44 ./Drivers/AD717x/no_os_alloc.o
 .comment       0x00000043       0x44 ./Drivers/AD717x/no_os_spi.o
 .comment       0x00000043       0x44 ./Drivers/STM32L4xx_HAL_Driver/Src/stm32l4xx_hal.o
 .comment       0x00000043       0x44 ./Drivers/STM32L4xx_HAL_Driver/Src/stm32l4xx_hal_cortex.o
 .comment       0x00000043       0x44 ./Drivers/STM32L4xx_HAL_Driver/Src/stm32l4xx_hal_dma.o
 .comment       0x00000043       0x44 ./Drivers/STM32L4xx_HAL_Driver/Src/stm32l4xx_hal_gpio.o
 .comment       0x00000043       0x44 ./Drivers/STM32L4xx_HAL_Driver/Src/stm32l4xx_hal_pwr_ex.o
 .comment       0x00000043       0x44 ./Drivers/STM32L4xx_HAL_Driver/Src/stm32l4xx_hal_rcc.o
 .comment       0x00000043       0x44 ./Drivers/STM32L4xx_HAL_Driver/Src/stm32l4xx_hal_rcc_ex.o
 .comment       0x00000043       0x44 ./Drivers/STM32L4xx_HAL_Driver/Src/stm32l4xx_hal_spi.o
 .comment       0x00000043       0x44 ./Drivers/STM32L4xx_HAL_Driver/Src/stm32l4xx_hal_uart.o
 .comment       0x00000043       0x44 ./Drivers/STM32L4xx_HAL_Driver/Src/stm32l4xx_hal_uart_ex.o

.debug_frame    0x00000000     0x3974
 .debug_frame   0x00000000      0x394 ./Core/Src/main.o
 .debug_frame   0x00000394       0xcc ./Core/Src/stm32l4xx_hal_msp.o
 .debug_frame   0x00000460      0x174 ./Core/Src/stm32l4xx_it.o
 .debug_frame   0x000005d4       0x34 ./Core/Src/sysmem.o
 .debug_frame   0x00000608       0x58 ./Core/Src/system_stm32l4xx.o
 .debug_frame   0x00000660      0x31c ./Drivers/AD717x/ad717x.o
 .debug_frame   0x0000097c       0x7c ./Drivers/AD717x/no_os_alloc.o
 .debug_frame   0x000009f8       0x84 ./Drivers/AD717x/no_os_spi.o
 .debug_frame   0x00000a7c      0x3dc ./Drivers/STM32L4xx_HAL_Driver/Src/stm32l4xx_hal.o
 .debug_frame   0x00000e58      0x4e8 ./Drivers/STM32L4xx_HAL_Driver/Src/stm32l4xx_hal_cortex.o
 .debug_frame   0x00001340      0x204 ./Drivers/STM32L4xx_HAL_Driver/Src/stm32l4xx_hal_dma.o
 .debug_frame   0x00001544      0x14c ./Drivers/STM32L4xx_HAL_Driver/Src/stm32l4xx_hal_gpio.o
 .debug_frame   0x00001690      0x4a4 ./Drivers/STM32L4xx_HAL_Driver/Src/stm32l4xx_hal_pwr_ex.o
 .debug_frame   0x00001b34      0x21c ./Drivers/STM32L4xx_HAL_Driver/Src/stm32l4xx_hal_rcc.o
 .debug_frame   0x00001d50      0x3d0 ./Drivers/STM32L4xx_HAL_Driver/Src/stm32l4xx_hal_rcc_ex.o
 .debug_frame   0x00002120      0x860 ./Drivers/STM32L4xx_HAL_Driver/Src/stm32l4xx_hal_spi.o
 .debug_frame   0x00002980      0x9f4 ./Drivers/STM32L4xx_HAL_Driver/Src/stm32l4xx_hal_uart.o
 .debug_frame   0x00003374      0x204 ./Drivers/STM32L4xx_HAL_Driver/Src/stm32l4xx_hal_uart_ex.o
 .debug_frame   0x00003578       0x30 C:/ST/STM32CubeIDE_1.19.0/STM32CubeIDE/plugins/com.st.stm32cube.ide.mcu.externaltools.gnu-tools-for-stm32.13.3.rel1.win32_1.0.0.202411081344/tools/bin/../lib/gcc/arm-none-eabi/13.3.1/../../../../arm-none-eabi/lib/thumb/v7e-m+fp/hard\libc_nano.a(libc_a-malloc.o)
 .debug_frame   0x000035a8       0x50 C:/ST/STM32CubeIDE_1.19.0/STM32CubeIDE/plugins/com.st.stm32cube.ide.mcu.externaltools.gnu-tools-for-stm32.13.3.rel1.win32_1.0.0.202411081344/tools/bin/../lib/gcc/arm-none-eabi/13.3.1/../../../../arm-none-eabi/lib/thumb/v7e-m+fp/hard\libc_nano.a(libc_a-mallocr.o)
 .debug_frame   0x000035f8       0x30 C:/ST/STM32CubeIDE_1.19.0/STM32CubeIDE/plugins/com.st.stm32cube.ide.mcu.externaltools.gnu-tools-for-stm32.13.3.rel1.win32_1.0.0.202411081344/tools/bin/../lib/gcc/arm-none-eabi/13.3.1/../../../../arm-none-eabi/lib/thumb/v7e-m+fp/hard\libc_nano.a(libc_a-mlock.o)
 .debug_frame   0x00003628      0x144 C:/ST/STM32CubeIDE_1.19.0/STM32CubeIDE/plugins/com.st.stm32cube.ide.mcu.externaltools.gnu-tools-for-stm32.13.3.rel1.win32_1.0.0.202411081344/tools/bin/../lib/gcc/arm-none-eabi/13.3.1/../../../../arm-none-eabi/lib/thumb/v7e-m+fp/hard\libc_nano.a(libc_a-findfp.o)
 .debug_frame   0x0000376c       0x20 C:/ST/STM32CubeIDE_1.19.0/STM32CubeIDE/plugins/com.st.stm32cube.ide.mcu.externaltools.gnu-tools-for-stm32.13.3.rel1.win32_1.0.0.202411081344/tools/bin/../lib/gcc/arm-none-eabi/13.3.1/../../../../arm-none-eabi/lib/thumb/v7e-m+fp/hard\libc_nano.a(libc_a-memset.o)
 .debug_frame   0x0000378c       0x38 C:/ST/STM32CubeIDE_1.19.0/STM32CubeIDE/plugins/com.st.stm32cube.ide.mcu.externaltools.gnu-tools-for-stm32.13.3.rel1.win32_1.0.0.202411081344/tools/bin/../lib/gcc/arm-none-eabi/13.3.1/../../../../arm-none-eabi/lib/thumb/v7e-m+fp/hard\libc_nano.a(libc_a-reent.o)
 .debug_frame   0x000037c4       0x2c C:/ST/STM32CubeIDE_1.19.0/STM32CubeIDE/plugins/com.st.stm32cube.ide.mcu.externaltools.gnu-tools-for-stm32.13.3.rel1.win32_1.0.0.202411081344/tools/bin/../lib/gcc/arm-none-eabi/13.3.1/../../../../arm-none-eabi/lib/thumb/v7e-m+fp/hard\libc_nano.a(libc_a-sbrkr.o)
 .debug_frame   0x000037f0       0x20 C:/ST/STM32CubeIDE_1.19.0/STM32CubeIDE/plugins/com.st.stm32cube.ide.mcu.externaltools.gnu-tools-for-stm32.13.3.rel1.win32_1.0.0.202411081344/tools/bin/../lib/gcc/arm-none-eabi/13.3.1/../../../../arm-none-eabi/lib/thumb/v7e-m+fp/hard\libc_nano.a(libc_a-errno.o)
 .debug_frame   0x00003810       0x2c C:/ST/STM32CubeIDE_1.19.0/STM32CubeIDE/plugins/com.st.stm32cube.ide.mcu.externaltools.gnu-tools-for-stm32.13.3.rel1.win32_1.0.0.202411081344/tools/bin/../lib/gcc/arm-none-eabi/13.3.1/../../../../arm-none-eabi/lib/thumb/v7e-m+fp/hard\libc_nano.a(libc_a-init.o)
 .debug_frame   0x0000383c       0xb0 C:/ST/STM32CubeIDE_1.19.0/STM32CubeIDE/plugins/com.st.stm32cube.ide.mcu.externaltools.gnu-tools-for-stm32.13.3.rel1.win32_1.0.0.202411081344/tools/bin/../lib/gcc/arm-none-eabi/13.3.1/../../../../arm-none-eabi/lib/thumb/v7e-m+fp/hard\libc_nano.a(libc_a-lock.o)
 .debug_frame   0x000038ec       0x28 C:/ST/STM32CubeIDE_1.19.0/STM32CubeIDE/plugins/com.st.stm32cube.ide.mcu.externaltools.gnu-tools-for-stm32.13.3.rel1.win32_1.0.0.202411081344/tools/bin/../lib/gcc/arm-none-eabi/13.3.1/../../../../arm-none-eabi/lib/thumb/v7e-m+fp/hard\libc_nano.a(libc_a-memcpy-stub.o)
 .debug_frame   0x00003914       0x2c C:/ST/STM32CubeIDE_1.19.0/STM32CubeIDE/plugins/com.st.stm32cube.ide.mcu.externaltools.gnu-tools-for-stm32.13.3.rel1.win32_1.0.0.202411081344/tools/bin/../lib/gcc/arm-none-eabi/13.3.1/thumb/v7e-m+fp/hard\libgcc.a(_aeabi_uldivmod.o)
 .debug_frame   0x00003940       0x34 C:/ST/STM32CubeIDE_1.19.0/STM32CubeIDE/plugins/com.st.stm32cube.ide.mcu.externaltools.gnu-tools-for-stm32.13.3.rel1.win32_1.0.0.202411081344/tools/bin/../lib/gcc/arm-none-eabi/13.3.1/thumb/v7e-m+fp/hard\libgcc.a(_udivmoddi4.o)

.debug_line_str
                0x00000000       0x55
 .debug_line_str
                0x00000000       0x55 ./Core/Startup/startup_stm32l432kcux.o
