../Drivers/CMSIS/Include/core_cm4.h:1679:22:__NVIC_EnableIRQ	16	static,ignoring_inline_asm
../Drivers/CMSIS/Include/core_cm4.h:1717:22:__NVIC_DisableIRQ	16	static,ignoring_inline_asm
../Drivers/CMSIS/Include/core_cm4.h:1770:22:__NVIC_ClearPendingIRQ	16	static
../Core/Inc/AD7175_8.h:28:13:build_init_struct	40	static
../Core/Inc/AD7175_8.h:103:5:AD7175_8_Init	408	static
../Core/Inc/AD7175_8.h:115:5:ad7175_8_start_continuous	24	static
../Core/Inc/AD7175_8.h:129:20:ad7175_8_unpack	32	static
../Core/Src/main.c:88:20:rdy_exti_enable	8	static
../Core/Src/main.c:99:20:rdy_exti_disable	8	static
../Core/Src/main.c:109:20:rdy_to_exti	4	static
../Core/Src/main.c:117:20:rdy_to_spi	4	static
../Core/Src/main.c:126:21:u32_to_dec	24	static
../Core/Src/main.c:140:13:build_tx_frame	56	static
../Core/Src/main.c:172:13:init_frame	8	static
../Core/Src/main.c:177:20:set_pixel	24	static
../Core/Src/main.c:189:6:HAL_GPIO_EXTI_Callback	32	static
../Core/Src/main.c:224:6:HAL_UART_TxCpltCallback	16	static
../Core/Src/main.c:235:5:main	40	static,ignoring_inline_asm
../Core/Src/main.c:316:6:SystemClock_Config	96	static
../Core/Src/main.c:366:13:MX_SPI1_Init	8	static
../Core/Src/main.c:406:13:MX_SPI3_Init	8	static
../Core/Src/main.c:446:13:MX_USART2_UART_Init	8	static
../Core/Src/main.c:479:13:MX_DMA_Init	16	static
../Core/Src/main.c:497:13:MX_GPIO_Init	40	static
../Core/Src/main.c:550:1:__io_putchar	16	static
../Core/Src/main.c:561:6:Error_Handler	4	static,ignoring_inline_asm
